Component: ARM Compiler 5.06 update 6 (build 750) Tool: armlink [4d35ed]

==============================================================================

Section Cross References

    startup_stm32f103xb.o(RESET) refers to startup_stm32f103xb.o(STACK) for __initial_sp
    startup_stm32f103xb.o(RESET) refers to startup_stm32f103xb.o(.text) for Reset_Handler
    startup_stm32f103xb.o(RESET) refers to stm32f1xx_it.o(i.NMI_Handler) for NMI_Handler
    startup_stm32f103xb.o(RESET) refers to stm32f1xx_it.o(i.HardFault_Handler) for HardFault_Handler
    startup_stm32f103xb.o(RESET) refers to stm32f1xx_it.o(i.MemManage_Handler) for MemManage_Handler
    startup_stm32f103xb.o(RESET) refers to stm32f1xx_it.o(i.BusFault_Handler) for BusFault_Handler
    startup_stm32f103xb.o(RESET) refers to stm32f1xx_it.o(i.UsageFault_Handler) for UsageFault_Handler
    startup_stm32f103xb.o(RESET) refers to port.o(.emb_text) for SVC_Handler
    startup_stm32f103xb.o(RESET) refers to stm32f1xx_it.o(i.DebugMon_Handler) for DebugMon_Handler
    startup_stm32f103xb.o(RESET) refers to port.o(i.SysTick_Handler) for SysTick_Handler
    startup_stm32f103xb.o(RESET) refers to stm32f1xx_it.o(i.DMA1_Channel2_IRQHandler) for DMA1_Channel2_IRQHandler
    startup_stm32f103xb.o(RESET) refers to stm32f1xx_it.o(i.DMA1_Channel3_IRQHandler) for DMA1_Channel3_IRQHandler
    startup_stm32f103xb.o(RESET) refers to stm32f1xx_it.o(i.DMA1_Channel4_IRQHandler) for DMA1_Channel4_IRQHandler
    startup_stm32f103xb.o(RESET) refers to stm32f1xx_it.o(i.DMA1_Channel5_IRQHandler) for DMA1_Channel5_IRQHandler
    startup_stm32f103xb.o(RESET) refers to stm32f1xx_it.o(i.TIM1_UP_IRQHandler) for TIM1_UP_IRQHandler
    startup_stm32f103xb.o(RESET) refers to stm32f1xx_it.o(i.TIM4_IRQHandler) for TIM4_IRQHandler
    startup_stm32f103xb.o(RESET) refers to stm32f1xx_it.o(i.USART1_IRQHandler) for USART1_IRQHandler
    startup_stm32f103xb.o(RESET) refers to stm32f1xx_it.o(i.USART3_IRQHandler) for USART3_IRQHandler
    startup_stm32f103xb.o(.text) refers to system_stm32f1xx.o(i.SystemInit) for SystemInit
    startup_stm32f103xb.o(.text) refers to entry.o(.ARM.Collect$$$$00000000) for __main
    main.o(i.HAL_TIM_PeriodElapsedCallback) refers to stm32f1xx_hal.o(i.HAL_IncTick) for HAL_IncTick
    main.o(i.SystemClock_Config) refers to memseta.o(.text) for __aeabi_memclr4
    main.o(i.SystemClock_Config) refers to stm32f1xx_hal_rcc.o(i.HAL_RCC_OscConfig) for HAL_RCC_OscConfig
    main.o(i.SystemClock_Config) refers to stm32f1xx_hal_rcc.o(i.HAL_RCC_ClockConfig) for HAL_RCC_ClockConfig
    main.o(i.SystemClock_Config) refers to stm32f1xx_hal_rcc_ex.o(i.HAL_RCCEx_PeriphCLKConfig) for HAL_RCCEx_PeriphCLKConfig
    main.o(i.main) refers to stm32f1xx_hal.o(i.HAL_Init) for HAL_Init
    main.o(i.main) refers to main.o(i.SystemClock_Config) for SystemClock_Config
    main.o(i.main) refers to gpio.o(i.MX_GPIO_Init) for MX_GPIO_Init
    main.o(i.main) refers to dma.o(i.MX_DMA_Init) for MX_DMA_Init
    main.o(i.main) refers to usart.o(i.MX_USART3_UART_Init) for MX_USART3_UART_Init
    main.o(i.main) refers to i2c.o(i.MX_I2C1_Init) for MX_I2C1_Init
    main.o(i.main) refers to tim.o(i.MX_TIM1_Init) for MX_TIM1_Init
    main.o(i.main) refers to iwdg.o(i.MX_IWDG_Init) for MX_IWDG_Init
    main.o(i.main) refers to adc.o(i.MX_ADC2_Init) for MX_ADC2_Init
    main.o(i.main) refers to usart.o(i.MX_USART1_UART_Init) for MX_USART1_UART_Init
    main.o(i.main) refers to spi.o(i.MX_SPI1_Init) for MX_SPI1_Init
    main.o(i.main) refers to fatfs.o(i.MX_FATFS_Init) for MX_FATFS_Init
    main.o(i.main) refers to freertos.o(i.MX_FREERTOS_Init) for MX_FREERTOS_Init
    main.o(i.main) refers to cmsis_os.o(i.osKernelStart) for osKernelStart
    gpio.o(i.MX_GPIO_Init) refers to stm32f1xx_hal_gpio.o(i.HAL_GPIO_WritePin) for HAL_GPIO_WritePin
    gpio.o(i.MX_GPIO_Init) refers to stm32f1xx_hal_gpio.o(i.HAL_GPIO_Init) for HAL_GPIO_Init
    freertos.o(i.MX_FREERTOS_Init) refers to cmsis_os.o(i.osSemaphoreCreate) for osSemaphoreCreate
    freertos.o(i.MX_FREERTOS_Init) refers to cmsis_os.o(i.osMessageCreate) for osMessageCreate
    freertos.o(i.MX_FREERTOS_Init) refers to cmsis_os.o(i.osMailCreate) for osMailCreate
    freertos.o(i.MX_FREERTOS_Init) refers to memcpya.o(.text) for __aeabi_memcpy4
    freertos.o(i.MX_FREERTOS_Init) refers to cmsis_os.o(i.osThreadCreate) for osThreadCreate
    freertos.o(i.MX_FREERTOS_Init) refers to freertos.o(.data) for .data
    freertos.o(i.MX_FREERTOS_Init) refers to freertos.o(.constdata) for .constdata
    freertos.o(i.StartDefaultTask) refers to memcpya.o(.text) for __aeabi_memcpy4
    freertos.o(i.StartDefaultTask) refers to ssd1306.o(i.OLED_Init) for OLED_Init
    freertos.o(i.StartDefaultTask) refers to cmsis_os.o(i.osMessageGet) for osMessageGet
    freertos.o(i.StartDefaultTask) refers to ssd1306.o(i.OLED_ShowString) for OLED_ShowString
    freertos.o(i.StartDefaultTask) refers to printfa.o(i.__0sprintf) for __2sprintf
[...]
    __aeabi_memset4                          0x08000201   Thumb Code     0  memseta.o(.text)
    __aeabi_memset8                          0x08000201   Thumb Code     0  memseta.o(.text)
    __aeabi_memclr                           0x0800020f   Thumb Code     4  memseta.o(.text)
    __aeabi_memclr4                          0x0800020f   Thumb Code     0  memseta.o(.text)
    __aeabi_memclr8                          0x0800020f   Thumb Code     0  memseta.o(.text)
    memset                                   0x08000213   Thumb Code    18  memseta.o(.text)
    strcat                                   0x08000225   Thumb Code    24  strcat.o(.text)
    strstr                                   0x0800023d   Thumb Code    36  strstr.o(.text)
    strlen                                   0x08000261   Thumb Code    14  strlen.o(.text)
    strcpy                                   0x0800026f   Thumb Code    18  strcpy.o(.text)
    strtok                                   0x08000281   Thumb Code    62  strtok.o(.text)
    atoi                                     0x080002c5   Thumb Code    26  atoi.o(.text)
    __aeabi_ddiv                             0x080002df   Thumb Code   222  ddiv.o(.text)
    __aeabi_uidiv                            0x080003bd   Thumb Code     0  uidiv.o(.text)
    __aeabi_uidivmod                         0x080003bd   Thumb Code    44  uidiv.o(.text)
    __aeabi_uldivmod                         0x080003e9   Thumb Code    98  uldiv.o(.text)
    strtol                                   0x0800044b   Thumb Code   112  strtol.o(.text)
    __I$use$fp                               0x080004bb   Thumb Code     0  iusefp.o(.text)
    _double_round                            0x080004bb   Thumb Code    30  depilogue.o(.text)
    _double_epilogue                         0x080004d9   Thumb Code   156  depilogue.o(.text)
    __aeabi_dadd                             0x08000575   Thumb Code   322  dadd.o(.text)
    __aeabi_dsub                             0x080006b7   Thumb Code     6  dadd.o(.text)
    __aeabi_drsub                            0x080006bd   Thumb Code     6  dadd.o(.text)
    __aeabi_dmul                             0x080006c3   Thumb Code   228  dmul.o(.text)
    __aeabi_d2ulz                            0x080007a7   Thumb Code    48  dfixul.o(.text)
    __aeabi_cdrcmple                         0x080007d9   Thumb Code    48  cdrcmple.o(.text)
    __scatterload                            0x08000809   Thumb Code    28  init.o(.text)
    __scatterload_rt2                        0x08000809   Thumb Code     0  init.o(.text)
    __aeabi_llsl                             0x0800082d   Thumb Code    30  llshl.o(.text)
    _ll_shift_l                              0x0800082d   Thumb Code     0  llshl.o(.text)
    __aeabi_lasr                             0x0800084b   Thumb Code    36  llsshr.o(.text)
    _ll_sshift_r                             0x0800084b   Thumb Code     0  llsshr.o(.text)
    __rt_ctype_table                         0x08000871   Thumb Code     4  ctype_o.o(.text)
    _strtoul                                 0x08000879   Thumb Code   158  _strtoul.o(.text)
    _chval                                   0x08000917   Thumb Code    28  _chval.o(.text)
    __decompress                             0x08000933   Thumb Code     0  __dczerorl2.o(.text)
    __decompress1                            0x08000933   Thumb Code    86  __dczerorl2.o(.text)
    ADC_ConversionStop_Disable               0x08000989   Thumb Code    86  stm32f1xx_hal_adc.o(i.ADC_ConversionStop_Disable)
    ADC_Enable                               0x080009e1   Thumb Code   114  stm32f1xx_hal_adc.o(i.ADC_Enable)
    BusFault_Handler                         0x08000a5d   Thumb Code     2  stm32f1xx_it.o(i.BusFault_Handler)
    DHT11_Check                              0x08000a61   Thumb Code    90  dht11.o(i.DHT11_Check)
    DHT11_Init                               0x08000ac5   Thumb Code    14  dht11.o(i.DHT11_Init)
    DHT11_Read_Bit                           0x08000ad5   Thumb Code    70  dht11.o(i.DHT11_Read_Bit)
    DHT11_Read_Byte                          0x08000b21   Thumb Code    26  dht11.o(i.DHT11_Read_Byte)
    DHT11_Read_Data                          0x08000b3b   Thumb Code    80  dht11.o(i.DHT11_Read_Data)
    DHT11_Rst                                0x08000b8d   Thumb Code    52  dht11.o(i.DHT11_Rst)
    DMA1_Channel2_IRQHandler                 0x08000bc9   Thumb Code     6  stm32f1xx_it.o(i.DMA1_Channel2_IRQHandler)
    DMA1_Channel3_IRQHandler                 0x08000bd5   Thumb Code     6  stm32f1xx_it.o(i.DMA1_Channel3_IRQHandler)
    DMA1_Channel4_IRQHandler                 0x08000be1   Thumb Code     6  stm32f1xx_it.o(i.DMA1_Channel4_IRQHandler)
    DMA1_Channel5_IRQHandler                 0x08000bed   Thumb Code     6  stm32f1xx_it.o(i.DMA1_Channel5_IRQHandler)
    DebugMon_Handler                         0x08000c23   Thumb Code     2  stm32f1xx_it.o(i.DebugMon_Handler)
    Error_Handler                            0x08000c25   Thumb Code     4  main.o(i.Error_Handler)
    FATFS_LinkDriver                         0x08000c29   Thumb Code     6  ff_gen_drv.o(i.FATFS_LinkDriver)
    FATFS_LinkDriverEx                       0x08000c31   Thumb Code    60  ff_gen_drv.o(i.FATFS_LinkDriverEx)
    HAL_ADC_ConfigChannel                    0x08000c71   Thumb Code   240  stm32f1xx_hal_adc.o(i.HAL_ADC_ConfigChannel)
    HAL_ADC_GetState                         0x08000d6d   Thumb Code     4  stm32f1xx_hal_adc.o(i.HAL_ADC_GetState)
    HAL_ADC_GetValue                         0x08000d71   Thumb Code     6  stm32f1xx_hal_adc.o(i.HAL_ADC_GetValue)
    HAL_ADC_Init                             0x08000d79   Thumb Code   272  stm32f1xx_hal_adc.o(i.HAL_ADC_Init)
    HAL_ADC_MspInit                          0x08000e95   Thumb Code    76  adc.o(i.HAL_ADC_MspInit)
    HAL_ADC_PollForConversion                0x08000eed   Thumb Code   304  stm32f1xx_hal_adc.o(i.HAL_ADC_PollForConversion)
    HAL_ADC_Start                            0x08001029   Thumb Code   184  stm32f1xx_hal_adc.o(i.HAL_ADC_Start)
    HAL_DMA_Abort                            0x080010e9   Thumb Code    70  stm32f1xx_hal_dma.o(i.HAL_DMA_Abort)
    HAL_DMA_Abort_IT                         0x08001131   Thumb Code   148  stm32f1xx_hal_dma.o(i.HAL_DMA_Abort_IT)
    HAL_DMA_IRQHandler                       0x080011c9   Thumb Code   316  stm32f1xx_hal_dma.o(i.HAL_DMA_IRQHandler)
    HAL_DMA_Init                             0x0800131d   Thumb Code    84  stm32f1xx_hal_dma.o(i.HAL_DMA_Init)
    HAL_DMA_Start_IT                         0x08001379   Thumb Code   112  stm32f1xx_hal_dma.o(i.HAL_DMA_Start_IT)
    HAL_Delay                                0x080013e9   Thumb Code    32  stm32f1xx_hal.o(i.HAL_Delay)
    HAL_GPIO_Init                            0x0800140d   Thumb Code   446  stm32f1xx_hal_gpio.o(i.HAL_GPIO_Init)
    HAL_GPIO_ReadPin                         0x080015ed   Thumb Code    10  stm32f1xx_hal_gpio.o(i.HAL_GPIO_ReadPin)
    HAL_GPIO_WritePin                        0x080015f7   Thumb Code    10  stm32f1xx_hal_gpio.o(i.HAL_GPIO_WritePin)
    HAL_GetTick                              0x08001601   Thumb Code     6  stm32f1xx_hal.o(i.HAL_GetTick)
    HAL_I2C_Init                             0x0800160d   Thumb Code   376  stm32f1xx_hal_i2c.o(i.HAL_I2C_Init)
    HAL_I2C_Mem_Write                        0x08001795   Thumb Code   294  stm32f1xx_hal_i2c.o(i.HAL_I2C_Mem_Write)
    HAL_I2C_MspInit                          0x080018c5   Thumb Code    80  i2c.o(i.HAL_I2C_MspInit)
    HAL_IWDG_Init                            0x08001921   Thumb Code    90  stm32f1xx_hal_iwdg.o(i.HAL_IWDG_Init)
    HAL_IWDG_Refresh                         0x0800197b   Thumb Code    12  stm32f1xx_hal_iwdg.o(i.HAL_IWDG_Refresh)
    HAL_IncTick                              0x08001989   Thumb Code    12  stm32f1xx_hal.o(i.HAL_IncTick)
    HAL_Init                                 0x08001999   Thumb Code    32  stm32f1xx_hal.o(i.HAL_Init)
    HAL_InitTick                             0x080019bd   Thumb Code   100  stm32f1xx_hal_timebase_tim.o(i.HAL_InitTick)
    HAL_MspInit                              0x08001a31   Thumb Code    62  stm32f1xx_hal_msp.o(i.HAL_MspInit)
    HAL_NVIC_EnableIRQ                       0x08001a79   Thumb Code    26  stm32f1xx_hal_cortex.o(i.HAL_NVIC_EnableIRQ)
    HAL_NVIC_SetPriority                     0x08001a95   Thumb Code    60  stm32f1xx_hal_cortex.o(i.HAL_NVIC_SetPriority)
    HAL_NVIC_SetPriorityGrouping             0x08001ad5   Thumb Code    26  stm32f1xx_hal_cortex.o(i.HAL_NVIC_SetPriorityGrouping)
    HAL_RCCEx_GetPeriphCLKFreq               0x08001af9   Thumb Code   166  stm32f1xx_hal_rcc_ex.o(i.HAL_RCCEx_GetPeriphCLKFreq)
    HAL_RCCEx_PeriphCLKConfig                0x08001bc1   Thumb Code   224  stm32f1xx_hal_rcc_ex.o(i.HAL_RCCEx_PeriphCLKConfig)
    HAL_RCC_ClockConfig                      0x08001cad   Thumb Code   280  stm32f1xx_hal_rcc.o(i.HAL_RCC_ClockConfig)
    HAL_RCC_GetClockConfig                   0x08001dd9   Thumb Code    54  stm32f1xx_hal_rcc.o(i.HAL_RCC_GetClockConfig)
    HAL_RCC_GetPCLK1Freq                     0x08001e19   Thumb Code    20  stm32f1xx_hal_rcc.o(i.HAL_RCC_GetPCLK1Freq)
    HAL_RCC_GetPCLK2Freq                     0x08001e39   Thumb Code    20  stm32f1xx_hal_rcc.o(i.HAL_RCC_GetPCLK2Freq)
    HAL_RCC_GetSysClockFreq                  0x08001e59   Thumb Code    74  stm32f1xx_hal_rcc.o(i.HAL_RCC_GetSysClockFreq)
    HAL_RCC_OscConfig                        0x08001ec5   Thumb Code   778  stm32f1xx_hal_rcc.o(i.HAL_RCC_OscConfig)
    HAL_SPI_Init                             0x080021e5   Thumb Code   178  stm32f1xx_hal_spi.o(i.HAL_SPI_Init)
    HAL_SPI_MspInit                          0x08002299   Thumb Code    98  spi.o(i.HAL_SPI_MspInit)
    HAL_SPI_TransmitReceive                  0x08002309   Thumb Code   482  stm32f1xx_hal_spi.o(i.HAL_SPI_TransmitReceive)
    HAL_TIMEx_BreakCallback                  0x080024eb   Thumb Code     2  stm32f1xx_hal_tim_ex.o(i.HAL_TIMEx_BreakCallback)
    HAL_TIMEx_CommutCallback                 0x080024ed   Thumb Code     2  stm32f1xx_hal_tim_ex.o(i.HAL_TIMEx_CommutCallback)
    HAL_TIMEx_MasterConfigSynchronization    0x080024f1   Thumb Code    92  stm32f1xx_hal_tim_ex.o(i.HAL_TIMEx_MasterConfigSynchronization)
    HAL_TIM_Base_Init                        0x08002559   Thumb Code    90  stm32f1xx_hal_tim.o(i.HAL_TIM_Base_Init)
    HAL_TIM_Base_MspInit                     0x080025b5   Thumb Code    50  tim.o(i.HAL_TIM_Base_MspInit)
    HAL_TIM_Base_Start_IT                    0x080025f1   Thumb Code    76  stm32f1xx_hal_tim.o(i.HAL_TIM_Base_Start_IT)
    HAL_TIM_ConfigClockSource                0x08002649   Thumb Code   214  stm32f1xx_hal_tim.o(i.HAL_TIM_ConfigClockSource)
    HAL_TIM_IC_CaptureCallback               0x0800271f   Thumb Code     2  stm32f1xx_hal_tim.o(i.HAL_TIM_IC_CaptureCallback)
    HAL_TIM_IRQHandler                       0x08002721   Thumb Code   358  stm32f1xx_hal_tim.o(i.HAL_TIM_IRQHandler)
    HAL_TIM_OC_DelayElapsedCallback          0x08002887   Thumb Code     2  stm32f1xx_hal_tim.o(i.HAL_TIM_OC_DelayElapsedCallback)
    HAL_TIM_PWM_PulseFinishedCallback        0x08002889   Thumb Code     2  stm32f1xx_hal_tim.o(i.HAL_TIM_PWM_PulseFinishedCallback)
    HAL_TIM_PeriodElapsedCallback            0x0800288d   Thumb Code    14  main.o(i.HAL_TIM_PeriodElapsedCallback)
    HAL_TIM_TriggerCallback                  0x080028a1   Thumb Code     2  stm32f1xx_hal_tim.o(i.HAL_TIM_TriggerCallback)
    HAL_UARTEx_RxEventCallback               0x080028a3   Thumb Code     2  stm32f1xx_hal_uart.o(i.HAL_UARTEx_RxEventCallback)
    HAL_UART_ErrorCallback                   0x080028a5   Thumb Code     2  stm32f1xx_hal_uart.o(i.HAL_UART_ErrorCallback)
    HAL_UART_IRQHandler                      0x080028a9   Thumb Code   520  stm32f1xx_hal_uart.o(i.HAL_UART_IRQHandler)
    HAL_UART_Init                            0x08002ab5   Thumb Code    98  stm32f1xx_hal_uart.o(i.HAL_UART_Init)
    HAL_UART_MspInit                         0x08002b19   Thumb Code   372  usart.o(i.HAL_UART_MspInit)
    HAL_UART_Receive_DMA                     0x08002ca9   Thumb Code    42  stm32f1xx_hal_uart.o(i.HAL_UART_Receive_DMA)
    HAL_UART_RxCpltCallback                  0x08002cd5   Thumb Code   588  module_wifi.o(i.HAL_UART_RxCpltCallback)
    HAL_UART_RxHalfCpltCallback              0x08002fb9   Thumb Code     2  stm32f1xx_hal_uart.o(i.HAL_UART_RxHalfCpltCallback)
    HAL_UART_Transmit                        0x08002fbd   Thumb Code   178  stm32f1xx_hal_uart.o(i.HAL_UART_Transmit)
    HAL_UART_Transmit_DMA                    0x08003071   Thumb Code   114  stm32f1xx_hal_uart.o(i.HAL_UART_Transmit_DMA)
    HAL_UART_TxCpltCallback                  0x080030f1   Thumb Code    46  module_wifi.o(i.HAL_UART_TxCpltCallback)
    HAL_UART_TxHalfCpltCallback              0x08003139   Thumb Code     2  stm32f1xx_hal_uart.o(i.HAL_UART_TxHalfCpltCallback)
    HardFault_Handler                        0x0800313b   Thumb Code     2  stm32f1xx_it.o(i.HardFault_Handler)
    MX_ADC2_Init                             0x080033ad   Thumb Code    70  adc.o(i.MX_ADC2_Init)
    MX_DMA_Init                              0x080033fd   Thumb Code    88  dma.o(i.MX_DMA_Init)
    MX_FATFS_Init                            0x08003459   Thumb Code    18  fatfs.o(i.MX_FATFS_Init)
    MX_FREERTOS_Init                         0x08003475   Thumb Code   422  freertos.o(i.MX_FREERTOS_Init)
    MX_GPIO_Init                             0x08003625   Thumb Code   234  gpio.o(i.MX_GPIO_Init)
    MX_I2C1_Init                             0x08003721   Thumb Code    50  i2c.o(i.MX_I2C1_Init)
    MX_IWDG_Init                             0x08003761   Thumb Code    34  iwdg.o(i.MX_IWDG_Init)
    MX_SPI1_Init                             0x0800378d   Thumb Code    62  spi.o(i.MX_SPI1_Init)
    MX_TIM1_Init                             0x080037d5   Thumb Code    96  tim.o(i.MX_TIM1_Init)
    MX_USART1_UART_Init                      0x0800383d   Thumb Code    48  usart.o(i.MX_USART1_UART_Init)
    MX_USART3_UART_Init                      0x08003875   Thumb Code    48  usart.o(i.MX_USART3_UART_Init)
    MemManage_Handler                        0x080038ad   Thumb Code     2  stm32f1xx_it.o(i.MemManage_Handler)
    NMI_Handler                              0x080038af   Thumb Code     2  stm32f1xx_it.o(i.NMI_Handler)
    OLED_BOOL_DrawBMP                        0x08003945   Thumb Code    68  ssd1306.o(i.OLED_BOOL_DrawBMP)
    OLED_BOOL_DrawChar                       0x08003989   Thumb Code    28  ssd1306.o(i.OLED_BOOL_DrawChar)
    OLED_BOOL_DrawColumn                     0x080039a9   Thumb Code   320  ssd1306.o(i.OLED_BOOL_DrawColumn)
    OLED_BOOL_DrawStr                        0x08003af1   Thumb Code    72  ssd1306.o(i.OLED_BOOL_DrawStr)
    OLED_DrawStr                             0x08003b39   Thumb Code     6  ssd1306.o(i.OLED_DrawStr)
    OLED_Fill                                0x08003b41   Thumb Code    56  ssd1306.o(i.OLED_Fill)
    OLED_Init                                0x08003b81   Thumb Code   298  ssd1306.o(i.OLED_Init)
    OLED_Refresh                             0x08003cb1   Thumb Code    64  ssd1306.o(i.OLED_Refresh)
    OLED_SetPos                              0x08003cf5   Thumb Code     6  ssd1306.o(i.OLED_SetPos)
    OLED_ShowString                          0x08003d37   Thumb Code    10  ssd1306.o(i.OLED_ShowString)
    OLED_Write_Byte                          0x08003d41   Thumb Code    30  ssd1306.o(i.OLED_Write_Byte)
    SD_CS                                    0x08003d65   Thumb Code    18  sddriver.o(i.SD_CS)
    SD_GETCSD                                0x08003d7d   Thumb Code    46  sddriver.o(i.SD_GETCSD)
    SD_GetSectorCount                        0x08003dab   Thumb Code   110  sddriver.o(i.SD_GetSectorCount)
    SD_ReadDisk                              0x08003e19   Thumb Code   108  sddriver.o(i.SD_ReadDisk)
    SD_ReceiveData                           0x08003e89   Thumb Code    64  sddriver.o(i.SD_ReceiveData)
    SD_SendBlock                             0x08003ec9   Thumb Code    80  sddriver.o(i.SD_SendBlock)
    SD_WriteDisk                             0x08003f19   Thumb Code   130  sddriver.o(i.SD_WriteDisk)
    SD_init                                  0x08003fa1   Thumb Code   338  sddriver.o(i.SD_init)
    SD_sendcmd                               0x080040fd   Thumb Code   118  sddriver.o(i.SD_sendcmd)
    SPI_setspeed                             0x08004255   Thumb Code     6  sddriver.o(i.SPI_setspeed)
    StartDefaultTask                         0x08004261   Thumb Code   556  freertos.o(i.StartDefaultTask)
    StartTask02                              0x0800451d   Thumb Code    88  freertos.o(i.StartTask02)
    StartTask03                              0x0800457d   Thumb Code    32  freertos.o(i.StartTask03)
    StartTask04                              0x080045a1   Thumb Code    64  freertos.o(i.StartTask04)
    StartTask05                              0x080045ed   Thumb Code   204  freertos.o(i.StartTask05)
    StartTask06                              0x08004731   Thumb Code    14  freertos.o(i.StartTask06)
    StartTask08                              0x08004745   Thumb Code    12  freertos.o(i.StartTask08)
    StartTask09                              0x08004751   Thumb Code   132  freertos.o(i.StartTask09)
    SysTick_Handler                          0x080047dd   Thumb Code    38  port.o(i.SysTick_Handler)
    SystemClock_Config                       0x08004809   Thumb Code   128  main.o(i.SystemClock_Config)
    SystemInit                               0x08004889   Thumb Code     2  system_stm32f1xx.o(i.SystemInit)
    TIM1_UP_IRQHandler                       0x0800488d   Thumb Code     6  stm32f1xx_it.o(i.TIM1_UP_IRQHandler)
    TIM4_IRQHandler                          0x08004899   Thumb Code     6  stm32f1xx_it.o(i.TIM4_IRQHandler)
    TIM_Base_SetConfig                       0x080048a5   Thumb Code    94  stm32f1xx_hal_tim.o(i.TIM_Base_SetConfig)
    TIM_ETR_SetConfig                        0x08004911   Thumb Code    20  stm32f1xx_hal_tim.o(i.TIM_ETR_SetConfig)
    UART1_printf                             0x0800497b   Thumb Code    20  freertos.o(i.UART1_printf)
    UART_Start_Receive_DMA                   0x08004c45   Thumb Code    98  stm32f1xx_hal_uart.o(i.UART_Start_Receive_DMA)
    USART1_IRQHandler                        0x08004d19   Thumb Code     6  stm32f1xx_it.o(i.USART1_IRQHandler)
    USART3_IRQHandler                        0x08004d25   Thumb Code     6  stm32f1xx_it.o(i.USART3_IRQHandler)
    USER_initialize                          0x08004d31   Thumb Code    32  user_diskio.o(i.USER_initialize)
    USER_ioctl                               0x08004d51   Thumb Code    78  user_diskio.o(i.USER_ioctl)
    USER_read                                0x08004d9f   Thumb Code    34  user_diskio.o(i.USER_read)
    USER_status                              0x08004dc1   Thumb Code    20  user_diskio.o(i.USER_status)
    USER_write                               0x08004dd5   Thumb Code    34  user_diskio.o(i.USER_write)
    UsageFault_Handler                       0x08004df7   Thumb Code     2  stm32f1xx_it.o(i.UsageFault_Handler)
    __0sprintf                               0x08004df9   Thumb Code    34  printfa.o(i.__0sprintf)
    __1sprintf                               0x08004df9   Thumb Code     0  printfa.o(i.__0sprintf)
    __2sprintf                               0x08004df9   Thumb Code     0  printfa.o(i.__0sprintf)
    __c89sprintf                             0x08004df9   Thumb Code     0  printfa.o(i.__0sprintf)
    sprintf                                  0x08004df9   Thumb Code     0  printfa.o(i.__0sprintf)
    __0vsprintf                              0x08004e21   Thumb Code    30  printfa.o(i.__0vsprintf)
    __1vsprintf                              0x08004e21   Thumb Code     0  printfa.o(i.__0vsprintf)
    __2vsprintf                              0x08004e21   Thumb Code     0  printfa.o(i.__0vsprintf)
    __c89vsprintf                            0x08004e21   Thumb Code     0  printfa.o(i.__0vsprintf)
    vsprintf                                 0x08004e21   Thumb Code     0  printfa.o(i.__0vsprintf)
    __aeabi_errno_addr                       0x08004e65   Thumb Code     4  errno.o(i.__aeabi_errno_addr)
    __rt_errno_addr                          0x08004e65   Thumb Code     0  errno.o(i.__aeabi_errno_addr)
    __scatterload_copy                       0x08004e6d   Thumb Code    14  handlers.o(i.__scatterload_copy)
    __scatterload_null                       0x08004e7b   Thumb Code     2  handlers.o(i.__scatterload_null)
    __scatterload_zeroinit                   0x08004e7d   Thumb Code    14  handlers.o(i.__scatterload_zeroinit)
    checkkey                                 0x080057a9   Thumb Code    26  matrix_keyboard.o(i.checkkey)
    clust2sect                               0x08005887   Thumb Code    30  ff.o(i.clust2sect)
    delay_us                                 0x08005a91   Thumb Code    68  dht11.o(i.delay_us)
    disk_initialize                          0x08005d05   Thumb Code    36  diskio.o(i.disk_initialize)
    disk_ioctl                               0x08005d2d   Thumb Code    24  diskio.o(i.disk_ioctl)
    disk_read                                0x08005d49   Thumb Code    24  diskio.o(i.disk_read)
    disk_status                              0x08005d65   Thumb Code    18  diskio.o(i.disk_status)
    disk_write                               0x08005d7d   Thumb Code    24  diskio.o(i.disk_write)
    ds1032_DATAINPUT_init                    0x08005d99   Thumb Code    28  ds1302.o(i.ds1032_DATAINPUT_init)
    ds1032_DATAOUT_init                      0x08005db9   Thumb Code    50  ds1302.o(i.ds1032_DATAOUT_init)
    ds1032_read_realTime                     0x08005df1   Thumb Code   148  ds1302.o(i.ds1032_read_realTime)
    ds1032_read_time                         0x08005e8d   Thumb Code    62  ds1302.o(i.ds1032_read_time)
    ds1302_read_rig                          0x08005ed1   Thumb Code   176  ds1302.o(i.ds1302_read_rig)
    ds1302_wirte_rig                         0x08005f85   Thumb Code   102  ds1302.o(i.ds1302_wirte_rig)
    ds1302_write_onebyte                     0x08005ff1   Thumb Code    84  ds1302.o(i.ds1302_write_onebyte)
    dtoh                                     0x08006049   Thumb Code    38  module_wifi.o(i.dtoh)
    f_close                                  0x0800606f   Thumb Code    54  ff.o(i.f_close)
    f_mount                                  0x080060a5   Thumb Code   126  ff.o(i.f_mount)
    f_open                                   0x08006129   Thumb Code   420  ff.o(i.f_open)
    f_read                                   0x080062d1   Thumb Code   466  ff.o(i.f_read)
    f_sync                                   0x080064a3   Thumb Code   210  ff.o(i.f_sync)
    ff_cre_syncobj                           0x08006575   Thumb Code    28  syscall.o(i.ff_cre_syncobj)
    ff_del_syncobj                           0x08006591   Thumb Code    10  syscall.o(i.ff_del_syncobj)
    ff_rel_grant                             0x0800659b   Thumb Code     4  syscall.o(i.ff_rel_grant)
    ff_req_grant                             0x0800659f   Thumb Code    20  syscall.o(i.ff_req_grant)
    filedir                                  0x080065b5   Thumb Code   108  filedir.o(i.filedir)
    get_fat                                  0x080069af   Thumb Code   194  ff.o(i.get_fat)
    get_fattime                              0x08006a71   Thumb Code     4  fatfs.o(i.get_fattime)
    keyscan                                  0x08006b5d   Thumb Code    98  matrix_keyboard.o(i.keyscan)
    led_PWM                                  0x08006bdd   Thumb Code    46  freertos.o(i.led_PWM)
    main                                     0x08006c19   Thumb Code    58  main.o(i.main)
    module_clock                             0x08006c81   Thumb Code   876  module_clock.o(i.module_clock)
    module_option                            0x08007089   Thumb Code   322  module_option.o(i.module_option)
    my_printf                                0x08007263   Thumb Code    18  freertos.o(i.my_printf)
    osDelay                                  0x08007275   Thumb Code    14  cmsis_os.o(i.osDelay)
    osKernelStart                            0x08007283   Thumb Code    10  cmsis_os.o(i.osKernelStart)
    osMailCreate                             0x0800728d   Thumb Code    92  cmsis_os.o(i.osMailCreate)
    osMailGet                                0x080072e9   Thumb Code   140  cmsis_os.o(i.osMailGet)
    osMailPut                                0x08007379   Thumb Code    88  cmsis_os.o(i.osMailPut)
    osMessageCreate                          0x080073d5   Thumb Code    38  cmsis_os.o(i.osMessageCreate)
    osMessageGet                             0x080073fd   Thumb Code   144  cmsis_os.o(i.osMessageGet)
    osMessagePut                             0x08007491   Thumb Code    86  cmsis_os.o(i.osMessagePut)
    osPoolCreate                             0x080074ed   Thumb Code    94  cmsis_os.o(i.osPoolCreate)
    osSemaphoreCreate                        0x0800754b   Thumb Code    62  cmsis_os.o(i.osSemaphoreCreate)
    osSemaphoreDelete                        0x08007589   Thumb Code    24  cmsis_os.o(i.osSemaphoreDelete)
    osSemaphoreRelease                       0x080075a1   Thumb Code    74  cmsis_os.o(i.osSemaphoreRelease)
    osSemaphoreWait                          0x080075f1   Thumb Code    96  cmsis_os.o(i.osSemaphoreWait)
    osThreadCreate                           0x08007655   Thumb Code    84  cmsis_os.o(i.osThreadCreate)
    put_fat                                  0x08007b4f   Thumb Code   248  ff.o(i.put_fat)
    pvPortMalloc                             0x08007c49   Thumb Code   210  heap_4.o(i.pvPortMalloc)
    pvTaskIncrementMutexHeldCount            0x08007d21   Thumb Code    18  tasks.o(i.pvTaskIncrementMutexHeldCount)
    pxPortInitialiseStack                    0x08007d39   Thumb Code    32  port.o(i.pxPortInitialiseStack)
    spi_readwrite                            0x08007dcd   Thumb Code    26  sddriver.o(i.spi_readwrite)
    uxListRemove                             0x08007f31   Thumb Code    38  list.o(i.uxListRemove)
    vApplicationGetIdleTaskMemory            0x08007f59   Thumb Code    16  freertos.o(i.vApplicationGetIdleTaskMemory)
    vListInitialise                          0x08007f6d   Thumb Code    22  list.o(i.vListInitialise)
    vListInitialiseItem                      0x08007f83   Thumb Code     6  list.o(i.vListInitialiseItem)
    vListInsert                              0x08007f89   Thumb Code    48  list.o(i.vListInsert)
    vListInsertEnd                           0x08007fb9   Thumb Code    24  list.o(i.vListInsertEnd)
    vPortEnterCritical                       0x08007fd1   Thumb Code    54  port.o(i.vPortEnterCritical)
    vPortExitCritical                        0x08008011   Thumb Code    34  port.o(i.vPortExitCritical)
    vPortFree                                0x08008039   Thumb Code    88  heap_4.o(i.vPortFree)
    vPortSetupTimerInterrupt                 0x08008095   Thumb Code    32  port.o(i.vPortSetupTimerInterrupt)
    vPortValidateInterruptPriority           0x080080b9   Thumb Code    74  port.o(i.vPortValidateInterruptPriority)
    vQueueDelete                             0x0800810d   Thumb Code    46  queue.o(i.vQueueDelete)
    vQueueUnregisterQueue                    0x0800813d   Thumb Code    36  queue.o(i.vQueueUnregisterQueue)
    vTaskDelay                               0x08008165   Thumb Code    66  tasks.o(i.vTaskDelay)
    vTaskInternalSetTimeOutState             0x080081b1   Thumb Code    12  tasks.o(i.vTaskInternalSetTimeOutState)
    vTaskMissedYield                         0x080081c1   Thumb Code     8  tasks.o(i.vTaskMissedYield)
    vTaskPlaceOnEventList                    0x080081cd   Thumb Code    44  tasks.o(i.vTaskPlaceOnEventList)
    vTaskPriorityDisinheritAfterTimeout      0x080081fd   Thumb Code   160  tasks.o(i.vTaskPriorityDisinheritAfterTimeout)
    vTaskResume                              0x080082a5   Thumb Code   112  tasks.o(i.vTaskResume)
    vTaskStartScheduler                      0x08008321   Thumb Code    90  tasks.o(i.vTaskStartScheduler)
    vTaskSuspend                             0x0800838d   Thumb Code   174  tasks.o(i.vTaskSuspend)
    vTaskSuspendAll                          0x08008449   Thumb Code    10  tasks.o(i.vTaskSuspendAll)
    vTaskSwitchContext                       0x08008459   Thumb Code    82  tasks.o(i.vTaskSwitchContext)
    vprint                                   0x080084f5   Thumb Code    38  freertos.o(i.vprint)
    vprint_UART1                             0x08008521   Thumb Code    42  freertos.o(i.vprint_UART1)
    wifi_init                                0x08008551   Thumb Code   122  module_wifi.o(i.wifi_init)
    xPortStartScheduler                      0x080085e5   Thumb Code   154  port.o(i.xPortStartScheduler)
    xQueueGenericCreate                      0x0800868d   Thumb Code    72  queue.o(i.xQueueGenericCreate)
    xQueueGenericCreateStatic                0x080086d5   Thumb Code   102  queue.o(i.xQueueGenericCreateStatic)
    xQueueGenericReset                       0x0800873d   Thumb Code   132  queue.o(i.xQueueGenericReset)
    xQueueGenericSend                        0x080087c5   Thumb Code   346  queue.o(i.xQueueGenericSend)
    xQueueGenericSendFromISR                 0x08008925   Thumb Code   188  queue.o(i.xQueueGenericSendFromISR)
    xQueueGiveFromISR                        0x080089e1   Thumb Code   156  queue.o(i.xQueueGiveFromISR)
    xQueueReceive                            0x08008a7d   Thumb Code   308  queue.o(i.xQueueReceive)
    xQueueReceiveFromISR                     0x08008bb5   Thumb Code   154  queue.o(i.xQueueReceiveFromISR)
    xQueueSemaphoreTake                      0x08008c51   Thumb Code   372  queue.o(i.xQueueSemaphoreTake)
    xTaskCheckForTimeOut                     0x08008dc9   Thumb Code   112  tasks.o(i.xTaskCheckForTimeOut)
    xTaskCreate                              0x08008e3d   Thumb Code    90  tasks.o(i.xTaskCreate)
    xTaskCreateStatic                        0x08008e97   Thumb Code    86  tasks.o(i.xTaskCreateStatic)
    xTaskGetSchedulerState                   0x08008eed   Thumb Code    22  tasks.o(i.xTaskGetSchedulerState)
    xTaskIncrementTick                       0x08008f09   Thumb Code   192  tasks.o(i.xTaskIncrementTick)
    xTaskPriorityDisinherit                  0x08008fd1   Thumb Code   144  tasks.o(i.xTaskPriorityDisinherit)
    xTaskPriorityInherit                     0x08009069   Thumb Code   138  tasks.o(i.xTaskPriorityInherit)
    xTaskRemoveFromEventList                 0x080090fd   Thumb Code   108  tasks.o(i.xTaskRemoveFromEventList)
    xTaskResumeAll                           0x08009171   Thumb Code   182  tasks.o(i.xTaskResumeAll)
    ASCII                                    0x08009398   Data         552  font_ascii.o(.constdata)
    AHBPrescTable                            0x080095de   Data          16  system_stm32f1xx.o(.constdata)
    APBPrescTable                            0x080095ee   Data           8  system_stm32f1xx.o(.constdata)
    __ctype_table                            0x080096a2   Data         129  ctype_o.o(.constdata)
    Region$$Table$$Base                      0x08009820   Number         0  anon$$obj.o(Region$$Table)
    Region$$Table$$Limit                     0x08009840   Number         0  anon$$obj.o(Region$$Table)
    temp                                     0x20000000   Data           1  freertos.o(.data)
    humi                                     0x20000001   Data           1  freertos.o(.data)
    led                                      0x20000002   Data           1  freertos.o(.data)
    cmp                                      0x20000008   Data           4  freertos.o(.data)
    key                                      0x2000000c   Data           4  freertos.o(.data)
    p                                        0x20000010   Data           4  freertos.o(.data)
    myQueue04Handle                          0x20000014   Data           4  freertos.o(.data)
    myQueue05Handle                          0x20000018   Data           4  freertos.o(.data)
    myQueue06Handle                          0x2000001c   Data           4  freertos.o(.data)
    defaultTaskHandle                        0x20000020   Data           4  freertos.o(.data)
    myTask02Handle                           0x20000024   Data           4  freertos.o(.data)
    myTask03Handle                           0x20000028   Data           4  freertos.o(.data)
    myTask04Handle                           0x2000002c   Data           4  freertos.o(.data)
    myTask05Handle                           0x20000030   Data           4  freertos.o(.data)
    myTask06Handle                           0x20000034   Data           4  freertos.o(.data)
    myTask08Handle                           0x20000038   Data           4  freertos.o(.data)
    myTask09Handle                           0x2000003c   Data           4  freertos.o(.data)
    myQueue01Handle                          0x20000040   Data           4  freertos.o(.data)
    myQueue02Handle                          0x20000044   Data           4  freertos.o(.data)
    myQueue03Handle                          0x20000048   Data           4  freertos.o(.data)
    wifi_flagHandle                          0x2000004c   Data           4  freertos.o(.data)
    ADC_VALUEHandle                          0x20000050   Data           4  freertos.o(.data)
    wifi_statueHandle                        0x20000054   Data           4  freertos.o(.data)
    myBinarySem01Handle                      0x20000058   Data           4  freertos.o(.data)
    cursor                                   0x20000067   Data           1  freertos.o(.data)
    enter                                    0x20000068   Data           4  freertos.o(.data)
    Uart3_Rx_Cnt                             0x2000006c   Data           2  stm32f1xx_it.o(.data)
    Uart1_Rx_Cnt                             0x2000006e   Data           2  stm32f1xx_it.o(.data)
    aRxBuffer3                               0x20000070   Data           1  stm32f1xx_it.o(.data)
    aRxBuffer1                               0x20000071   Data           1  stm32f1xx_it.o(.data)
    read_time                                0x20000088   Data           7  ds1302.o(.data)
    TimeData                                 0x20000090   Data           8  ds1302.o(.data)
    DFF                                      0x20000098   Data           1  sddriver.o(.data)
    SD_TYPE                                  0x20000099   Data           1  sddriver.o(.data)
    USER_Driver                              0x2000009c   Data          20  user_diskio.o(.data)
    retUSER                                  0x200000b0   Data           1  fatfs.o(.data)
    USERPath                                 0x200000b1   Data           4  fatfs.o(.data)
    uwTickFreq                               0x200000b8   Data           1  stm32f1xx_hal.o(.data)
    uwTickPrio                               0x200000bc   Data           4  stm32f1xx_hal.o(.data)
    uwTick                                   0x200000c0   Data           4  stm32f1xx_hal.o(.data)
    SystemCoreClock                          0x200000c4   Data           4  system_stm32f1xx.o(.data)
    pxCurrentTCB                             0x200000d0   Data           4  tasks.o(.data)
    USART_buf                                0x20000138   Data          50  freertos.o(.bss)
    oled_buf                                 0x2000016a   Data         255  freertos.o(.bss)
    defaultTaskBuffer                        0x200004c0   Data         512  freertos.o(.bss)
    defaultTaskControlBlock                  0x200006c0   Data          84  freertos.o(.bss)
    myTask02Buffer                           0x20000714   Data         512  freertos.o(.bss)
    myTask02ControlBlock                     0x20000914   Data          84  freertos.o(.bss)
    myTask03Buffer                           0x20000968   Data         512  freertos.o(.bss)
    myTask03ControlBlock                     0x20000b68   Data          84  freertos.o(.bss)
    myTask04Buffer                           0x20000bbc   Data         512  freertos.o(.bss)
    myTask04ControlBlock                     0x20000dbc   Data          84  freertos.o(.bss)
    myTask05Buffer                           0x20000e10   Data         512  freertos.o(.bss)
    myTask05ControlBlock                     0x20001010   Data          84  freertos.o(.bss)
    myTask06Buffer                           0x20001064   Data         512  freertos.o(.bss)
    myTask06ControlBlock                     0x20001264   Data          84  freertos.o(.bss)
    myTask08Buffer                           0x200012b8   Data         512  freertos.o(.bss)
    myTask08ControlBlock                     0x200014b8   Data          84  freertos.o(.bss)
    myTask09Buffer                           0x2000150c   Data         512  freertos.o(.bss)
    myTask09ControlBlock                     0x2000170c   Data          84  freertos.o(.bss)
    hadc2                                    0x20001760   Data          48  adc.o(.bss)
    hi2c1                                    0x20001790   Data          84  i2c.o(.bss)
    hiwdg                                    0x200017e4   Data          12  iwdg.o(.bss)
    hspi1                                    0x200017f0   Data          88  spi.o(.bss)
    htim1                                    0x20001848   Data          72  tim.o(.bss)
    huart1                                   0x20001890   Data          68  usart.o(.bss)
    huart3                                   0x200018d4   Data          68  usart.o(.bss)
    hdma_usart1_rx                           0x20001918   Data          68  usart.o(.bss)
    hdma_usart1_tx                           0x2000195c   Data          68  usart.o(.bss)
    hdma_usart3_rx                           0x200019a0   Data          68  usart.o(.bss)
    hdma_usart3_tx                           0x200019e4   Data          68  usart.o(.bss)
    Uart3_RxBuffer                           0x20001a28   Data         100  stm32f1xx_it.o(.bss)
    Uart1_RxBuffer                           0x20001a8c   Data         100  stm32f1xx_it.o(.bss)
    htim4                                    0x20001af0   Data          72  stm32f1xx_hal_timebase_tim.o(.bss)
    OLED_buffer                              0x20001b38   Data        1024  ssd1306.o(.bss)
    OLED_buffer_flag                         0x20001f38   Data         128  ssd1306.o(.bss)
    OLED_hi2c                                0x20001fb8   Data          84  ssd1306.o(.bss)
    disk                                     0x20002024   Data          12  ff_gen_drv.o(.bss)
    xQueueRegistry                           0x20002030   Data          64  queue.o(.bss)
    __initial_sp                             0x20003160   Data           0  startup_stm32f103xb.o(STACK)



==============================================================================

Memory Map of the image

  Image Entry point : 0x080000ed

  Load Region LR_IROM1 (Base: 0x08000000, Size: 0x00009978, Max: 0x00010000, ABSOLUTE, COMPRESSED[0x00009880])

    Execution Region ER_IROM1 (Exec base: 0x08000000, Load base: 0x08000000, Size: 0x00009840, Max: 0x00010000, ABSOLUTE)

    Exec Addr    Load Addr    Size         Type   Attr      Idx    E Section Name        Object

    0x08000000   0x08000000   0x000000ec   Data   RO            3    RESET               startup_stm32f103xb.o
    0x080000ec   0x080000ec   0x00000000   Code   RO         6778  * .ARM.Collect$$$$00000000  mc_w.l(entry.o)
    0x080000ec   0x080000ec   0x00000004   Code   RO         7074    .ARM.Collect$$$$00000001  mc_w.l(entry2.o)
    0x080000f0   0x080000f0   0x00000004   Code   RO         7077    .ARM.Collect$$$$00000004  mc_w.l(entry5.o)
    0x080000f4   0x080000f4   0x00000000   Code   RO         7079    .ARM.Collect$$$$00000008  mc_w.l(entry7b.o)
    0x080000f4   0x080000f4   0x00000000   Code   RO         7081    .ARM.Collect$$$$0000000A  mc_w.l(entry8b.o)
    0x080000f4   0x080000f4   0x00000008   Code   RO         7082    .ARM.Collect$$$$0000000B  mc_w.l(entry9a.o)
    0x080000fc   0x080000fc   0x00000000   Code   RO         7084    .ARM.Collect$$$$0000000D  mc_w.l(entry10a.o)
    0x080000fc   0x080000fc   0x00000000   Code   RO         7086    .ARM.Collect$$$$0000000F  mc_w.l(entry11a.o)
    0x080000fc   0x080000fc   0x00000004   Code   RO         7075    .ARM.Collect$$$$00002712  mc_w.l(entry2.o)
    0x08000100   0x08000100   0x00000096   Code   RO         6701    .emb_text           port.o
    0x08000196   0x08000196   0x00000002   PAD
    0x08000198   0x08000198   0x00000024   Code   RO            4    .text               startup_stm32f103xb.o
    0x080001bc   0x080001bc   0x00000020   Code   RO         6781    .text               mc_w.l(llushr.o)
    0x080001dc   0x080001dc   0x00000024   Code   RO         6783    .text               mc_w.l(memcpya.o)
    0x08000200   0x08000200   0x00000024   Code   RO         6787    .text               mc_w.l(memseta.o)
    0x08000224   0x08000224   0x00000018   Code   RO         6789    .text               mc_w.l(strcat.o)
    0x0800023c   0x0800023c   0x00000024   Code   RO         6791    .text               mc_w.l(strstr.o)
    0x08000260   0x08000260   0x0000000e   Code   RO         6793    .text               mc_w.l(strlen.o)
    0x0800026e   0x0800026e   0x00000012   Code   RO         6795    .text               mc_w.l(strcpy.o)
    0x08000280   0x08000280   0x00000044   Code   RO         6797    .text               mc_w.l(strtok.o)
    0x080002c4   0x080002c4   0x0000001a   Code   RO         7066    .text               mc_w.l(atoi.o)
    0x080002de   0x080002de   0x000000de   Code   RO         7068    .text               mf_w.l(ddiv.o)
    0x080003bc   0x080003bc   0x0000002c   Code   RO         7091    .text               mc_w.l(uidiv.o)
    0x080003e8   0x080003e8   0x00000062   Code   RO         7093    .text               mc_w.l(uldiv.o)
    0x0800044a   0x0800044a   0x00000070   Code   RO         7102    .text               mc_w.l(strtol.o)
    0x080004ba   0x080004ba   0x00000000   Code   RO         7104    .text               mc_w.l(iusefp.o)
    0x080004ba   0x080004ba   0x000000ba   Code   RO         7107    .text               mf_w.l(depilogue.o)
    0x08000574   0x08000574   0x0000014e   Code   RO         7109    .text               mf_w.l(dadd.o)
    0x080006c2   0x080006c2   0x000000e4   Code   RO         7111    .text               mf_w.l(dmul.o)
    0x080007a6   0x080007a6   0x00000030   Code   RO         7113    .text               mf_w.l(dfixul.o)
    0x080007d6   0x080007d6   0x00000002   PAD
    0x080007d8   0x080007d8   0x00000030   Code   RO         7115    .text               mf_w.l(cdrcmple.o)
    0x08000808   0x08000808   0x00000024   Code   RO         7117    .text               mc_w.l(init.o)
    0x0800082c   0x0800082c   0x0000001e   Code   RO         7120    .text               mc_w.l(llshl.o)
    0x0800084a   0x0800084a   0x00000024   Code   RO         7122    .text               mc_w.l(llsshr.o)
    0x0800086e   0x0800086e   0x00000002   PAD
    0x08000870   0x08000870   0x00000008   Code   RO         7124    .text               mc_w.l(ctype_o.o)
    0x08000878   0x08000878   0x0000009e   Code   RO         7152    .text               mc_w.l(_strtoul.o)
    0x08000916   0x08000916   0x0000001c   Code   RO         7155    .text               mc_w.l(_chval.o)
    0x08000932   0x08000932   0x00000056   Code   RO         7165    .text               mc_w.l(__dczerorl2.o)
    0x08000988   0x08000988   0x00000056   Code   RO         1640    i.ADC_ConversionStop_Disable  stm32f1xx_hal_adc.o
    0x080009de   0x080009de   0x00000002   PAD
    0x080009e0   0x080009e0   0x0000007c   Code   RO         1644    i.ADC_Enable        stm32f1xx_hal_adc.o
    0x08000a5c   0x08000a5c   0x00000002   Code   RO          733    i.BusFault_Handler  stm32f1xx_it.o
    0x08000a5e   0x08000a5e   0x00000002   PAD
    0x08000a60   0x08000a60   0x00000064   Code   RO         1154    i.DHT11_Check       dht11.o
    0x08000ac4   0x08000ac4   0x0000000e   Code   RO         1155    i.DHT11_Init        dht11.o
    0x08000ad2   0x08000ad2   0x00000002   PAD
    0x08000ad4   0x08000ad4   0x0000004c   Code   RO         1156    i.DHT11_Read_Bit    dht11.o
    0x08000b20   0x08000b20   0x0000001a   Code   RO         1157    i.DHT11_Read_Byte   dht11.o
    0x08000b3a   0x08000b3a   0x00000050   Code   RO         1158    i.DHT11_Read_Data   dht11.o
    0x08000b8a   0x08000b8a   0x00000002   PAD
    0x08000b8c   0x08000b8c   0x0000003c   Code   RO         1160    i.DHT11_Rst         dht11.o
    0x08000bc8   0x08000bc8   0x0000000c   Code   RO          734    i.DMA1_Channel2_IRQHandler  stm32f1xx_it.o
    0x08000bd4   0x08000bd4   0x0000000c   Code   RO          735    i.DMA1_Channel3_IRQHandler  stm32f1xx_it.o
    0x08000be0   0x08000be0   0x0000000c   Code   RO          736    i.DMA1_Channel4_IRQHandler  stm32f1xx_it.o
    0x08000bec   0x08000bec   0x0000000c   Code   RO          737    i.DMA1_Channel5_IRQHandler  stm32f1xx_it.o
    0x08000bf8   0x08000bf8   0x0000002a   Code   RO         2294    i.DMA_SetConfig     stm32f1xx_hal_dma.o
    0x08000c22   0x08000c22   0x00000002   Code   RO          738    i.DebugMon_Handler  stm32f1xx_it.o
    0x08000c24   0x08000c24   0x00000004   Code   RO           13    i.Error_Handler     main.o
    0x08000c28   0x08000c28   0x00000006   Code   RO         5422    i.FATFS_LinkDriver  ff_gen_drv.o
    0x08000c2e   0x08000c2e   0x00000002   PAD
    0x08000c30   0x08000c30   0x00000040   Code   RO         5423    i.FATFS_LinkDriverEx  ff_gen_drv.o
    0x08000c70   0x08000c70   0x000000fc   Code   RO         1646    i.HAL_ADC_ConfigChannel  stm32f1xx_hal_adc.o
    0x08000d6c   0x08000d6c   0x00000004   Code   RO         1652    i.HAL_ADC_GetState  stm32f1xx_hal_adc.o
    0x08000d70   0x08000d70   0x00000006   Code   RO         1653    i.HAL_ADC_GetValue  stm32f1xx_hal_adc.o
    0x08000d76   0x08000d76   0x00000002   PAD
    0x08000d78   0x08000d78   0x0000011c   Code   RO         1655    i.HAL_ADC_Init      stm32f1xx_hal_adc.o
    0x08000e94   0x08000e94   0x00000058   Code   RO          464    i.HAL_ADC_MspInit   adc.o
    0x08000eec   0x08000eec   0x0000013c   Code   RO         1659    i.HAL_ADC_PollForConversion  stm32f1xx_hal_adc.o
    0x08001028   0x08001028   0x000000c0   Code   RO         1661    i.HAL_ADC_Start     stm32f1xx_hal_adc.o
    0x080010e8   0x080010e8   0x00000046   Code   RO         2295    i.HAL_DMA_Abort     stm32f1xx_hal_dma.o
    0x0800112e   0x0800112e   0x00000002   PAD
    0x08001130   0x08001130   0x00000098   Code   RO         2296    i.HAL_DMA_Abort_IT  stm32f1xx_hal_dma.o
    0x080011c8   0x080011c8   0x00000154   Code   RO         2300    i.HAL_DMA_IRQHandler  stm32f1xx_hal_dma.o
    0x0800131c   0x0800131c   0x0000005c   Code   RO         2301    i.HAL_DMA_Init      stm32f1xx_hal_dma.o
    0x08001378   0x08001378   0x00000070   Code   RO         2305    i.HAL_DMA_Start_IT  stm32f1xx_hal_dma.o
    0x080013e8   0x080013e8   0x00000024   Code   RO         1923    i.HAL_Delay         stm32f1xx_hal.o
    0x0800140c   0x0800140c   0x000001e0   Code   RO         2231    i.HAL_GPIO_Init     stm32f1xx_hal_gpio.o
    0x080015ec   0x080015ec   0x0000000a   Code   RO         2233    i.HAL_GPIO_ReadPin  stm32f1xx_hal_gpio.o
    0x080015f6   0x080015f6   0x0000000a   Code   RO         2235    i.HAL_GPIO_WritePin  stm32f1xx_hal_gpio.o
    0x08001600   0x08001600   0x0000000c   Code   RO         1927    i.HAL_GetTick       stm32f1xx_hal.o
    0x0800160c   0x0800160c   0x00000188   Code   RO         2902    i.HAL_I2C_Init      stm32f1xx_hal_i2c.o
    0x08001794   0x08001794   0x00000130   Code   RO         2923    i.HAL_I2C_Mem_Write  stm32f1xx_hal_i2c.o
    0x080018c4   0x080018c4   0x0000005c   Code   RO          530    i.HAL_I2C_MspInit   i2c.o
    0x08001920   0x08001920   0x0000005a   Code   RO         3323    i.HAL_IWDG_Init     stm32f1xx_hal_iwdg.o
    0x0800197a   0x0800197a   0x0000000c   Code   RO         3324    i.HAL_IWDG_Refresh  stm32f1xx_hal_iwdg.o
    0x08001986   0x08001986   0x00000002   PAD
    0x08001988   0x08001988   0x00000010   Code   RO         1933    i.HAL_IncTick       stm32f1xx_hal.o
    0x08001998   0x08001998   0x00000024   Code   RO         1934    i.HAL_Init          stm32f1xx_hal.o
    0x080019bc   0x080019bc   0x00000074   Code   RO          882    i.HAL_InitTick      stm32f1xx_hal_timebase_tim.o
    0x08001a30   0x08001a30   0x00000048   Code   RO          858    i.HAL_MspInit       stm32f1xx_hal_msp.o
    0x08001a78   0x08001a78   0x0000001a   Code   RO         2391    i.HAL_NVIC_EnableIRQ  stm32f1xx_hal_cortex.o
    0x08001a92   0x08001a92   0x00000002   PAD
    0x08001a94   0x08001a94   0x00000040   Code   RO         2397    i.HAL_NVIC_SetPriority  stm32f1xx_hal_cortex.o
    0x08001ad4   0x08001ad4   0x00000024   Code   RO         2398    i.HAL_NVIC_SetPriorityGrouping  stm32f1xx_hal_cortex.o
    0x08001af8   0x08001af8   0x000000c8   Code   RO         2193    i.HAL_RCCEx_GetPeriphCLKFreq  stm32f1xx_hal_rcc_ex.o
    0x08001bc0   0x08001bc0   0x000000ec   Code   RO         2194    i.HAL_RCCEx_PeriphCLKConfig  stm32f1xx_hal_rcc_ex.o
    0x08001cac   0x08001cac   0x0000012c   Code   RO         2091    i.HAL_RCC_ClockConfig  stm32f1xx_hal_rcc.o
    0x08001dd8   0x08001dd8   0x00000040   Code   RO         2095    i.HAL_RCC_GetClockConfig  stm32f1xx_hal_rcc.o
    0x08001e18   0x08001e18   0x00000020   Code   RO         2098    i.HAL_RCC_GetPCLK1Freq  stm32f1xx_hal_rcc.o
    0x08001e38   0x08001e38   0x00000020   Code   RO         2099    i.HAL_RCC_GetPCLK2Freq  stm32f1xx_hal_rcc.o
    0x08001e58   0x08001e58   0x0000006c   Code   RO         2100    i.HAL_RCC_GetSysClockFreq  stm32f1xx_hal_rcc.o
    0x08001ec4   0x08001ec4   0x00000320   Code   RO         2103    i.HAL_RCC_OscConfig  stm32f1xx_hal_rcc.o
    0x080021e4   0x080021e4   0x000000b2   Code   RO         3364    i.HAL_SPI_Init      stm32f1xx_hal_spi.o
    0x08002296   0x08002296   0x00000002   PAD
    0x08002298   0x08002298   0x00000070   Code   RO          602    i.HAL_SPI_MspInit   spi.o
    0x08002308   0x08002308   0x000001e2   Code   RO         3373    i.HAL_SPI_TransmitReceive  stm32f1xx_hal_spi.o
    0x080024ea   0x080024ea   0x00000002   Code   RO         4381    i.HAL_TIMEx_BreakCallback  stm32f1xx_hal_tim_ex.o
    0x080024ec   0x080024ec   0x00000002   Code   RO         4382    i.HAL_TIMEx_CommutCallback  stm32f1xx_hal_tim_ex.o
    0x080024ee   0x080024ee   0x00000002   PAD
    0x080024f0   0x080024f0   0x00000068   Code   RO         4400    i.HAL_TIMEx_MasterConfigSynchronization  stm32f1xx_hal_tim_ex.o
    0x08002558   0x08002558   0x0000005a   Code   RO         3677    i.HAL_TIM_Base_Init  stm32f1xx_hal_tim.o
    0x080025b2   0x080025b2   0x00000002   PAD
    0x080025b4   0x080025b4   0x0000003c   Code   RO          644    i.HAL_TIM_Base_MspInit  tim.o
    0x080025f0   0x080025f0   0x00000058   Code   RO         3682    i.HAL_TIM_Base_Start_IT  stm32f1xx_hal_tim.o
    0x08002648   0x08002648   0x000000d6   Code   RO         3686    i.HAL_TIM_ConfigClockSource  stm32f1xx_hal_tim.o
    0x0800271e   0x0800271e   0x00000002   Code   RO         3711    i.HAL_TIM_IC_CaptureCallback  stm32f1xx_hal_tim.o
    0x08002720   0x08002720   0x00000166   Code   RO         3725    i.HAL_TIM_IRQHandler  stm32f1xx_hal_tim.o
    0x08002886   0x08002886   0x00000002   Code   RO         3728    i.HAL_TIM_OC_DelayElapsedCallback  stm32f1xx_hal_tim.o
    0x08002888   0x08002888   0x00000002   Code   RO         3755    i.HAL_TIM_PWM_PulseFinishedCallback  stm32f1xx_hal_tim.o
    0x0800288a   0x0800288a   0x00000002   PAD
    0x0800288c   0x0800288c   0x00000014   Code   RO           14    i.HAL_TIM_PeriodElapsedCallback  main.o
    0x080028a0   0x080028a0   0x00000002   Code   RO         3768    i.HAL_TIM_TriggerCallback  stm32f1xx_hal_tim.o
    0x080028a2   0x080028a2   0x00000002   Code   RO         4659    i.HAL_UARTEx_RxEventCallback  stm32f1xx_hal_uart.o
    0x080028a4   0x080028a4   0x00000002   Code   RO         4673    i.HAL_UART_ErrorCallback  stm32f1xx_hal_uart.o
    0x080028a6   0x080028a6   0x00000002   PAD
    0x080028a8   0x080028a8   0x0000020c   Code   RO         4676    i.HAL_UART_IRQHandler  stm32f1xx_hal_uart.o
    0x08002ab4   0x08002ab4   0x00000062   Code   RO         4677    i.HAL_UART_Init     stm32f1xx_hal_uart.o
    0x08002b16   0x08002b16   0x00000002   PAD
    0x08002b18   0x08002b18   0x00000190   Code   RO          686    i.HAL_UART_MspInit  usart.o
    0x08002ca8   0x08002ca8   0x0000002a   Code   RO         4681    i.HAL_UART_Receive_DMA  stm32f1xx_hal_uart.o
    0x08002cd2   0x08002cd2   0x00000002   PAD
    0x08002cd4   0x08002cd4   0x000002e4   Code   RO         1086    i.HAL_UART_RxCpltCallback  module_wifi.o
    0x08002fb8   0x08002fb8   0x00000002   Code   RO         4684    i.HAL_UART_RxHalfCpltCallback  stm32f1xx_hal_uart.o
    0x08002fba   0x08002fba   0x00000002   PAD
    0x08002fbc   0x08002fbc   0x000000b2   Code   RO         4685    i.HAL_UART_Transmit  stm32f1xx_hal_uart.o
    0x0800306e   0x0800306e   0x00000002   PAD
    0x08003070   0x08003070   0x00000080   Code   RO         4686    i.HAL_UART_Transmit_DMA  stm32f1xx_hal_uart.o
    0x080030f0   0x080030f0   0x00000048   Code   RO         1087    i.HAL_UART_TxCpltCallback  module_wifi.o
    0x08003138   0x08003138   0x00000002   Code   RO         4689    i.HAL_UART_TxHalfCpltCallback  stm32f1xx_hal_uart.o
    0x0800313a   0x0800313a   0x00000002   Code   RO          739    i.HardFault_Handler  stm32f1xx_it.o
    0x0800313c   0x0800313c   0x0000002e   Code   RO         2944    i.I2C_IsAcknowledgeFailed  stm32f1xx_hal_i2c.o
    0x0800316a   0x0800316a   0x00000002   PAD
    0x0800316c   0x0800316c   0x000000a8   Code   RO         2955    i.I2C_RequestMemoryWrite  stm32f1xx_hal_i2c.o
    0x08003214   0x08003214   0x0000004c   Code   RO         2959    i.I2C_WaitOnBTFFlagUntilTimeout  stm32f1xx_hal_i2c.o
    0x08003260   0x08003260   0x00000068   Code   RO         2960    i.I2C_WaitOnFlagUntilTimeout  stm32f1xx_hal_i2c.o
    0x080032c8   0x080032c8   0x00000096   Code   RO         2961    i.I2C_WaitOnMasterAddressFlagUntilTimeout  stm32f1xx_hal_i2c.o
    0x0800335e   0x0800335e   0x0000004c   Code   RO         2963    i.I2C_WaitOnTXEFlagUntilTimeout  stm32f1xx_hal_i2c.o
    0x080033aa   0x080033aa   0x00000002   PAD
    0x080033ac   0x080033ac   0x00000050   Code   RO          465    i.MX_ADC2_Init      adc.o
    0x080033fc   0x080033fc   0x0000005c   Code   RO          505    i.MX_DMA_Init       dma.o
    0x08003458   0x08003458   0x0000001c   Code   RO         1566    i.MX_FATFS_Init     fatfs.o
    0x08003474   0x08003474   0x000001b0   Code   RO          277    i.MX_FREERTOS_Init  freertos.o
    0x08003624   0x08003624   0x000000fc   Code   RO          253    i.MX_GPIO_Init      gpio.o
    0x08003720   0x08003720   0x00000040   Code   RO          531    i.MX_I2C1_Init      i2c.o
    0x08003760   0x08003760   0x0000002c   Code   RO          571    i.MX_IWDG_Init      iwdg.o
    0x0800378c   0x0800378c   0x00000048   Code   RO          603    i.MX_SPI1_Init      spi.o
    0x080037d4   0x080037d4   0x00000068   Code   RO          645    i.MX_TIM1_Init      tim.o
    0x0800383c   0x0800383c   0x00000038   Code   RO          687    i.MX_USART1_UART_Init  usart.o
    0x08003874   0x08003874   0x00000038   Code   RO          688    i.MX_USART3_UART_Init  usart.o
    0x080038ac   0x080038ac   0x00000002   Code   RO          740    i.MemManage_Handler  stm32f1xx_it.o
    0x080038ae   0x080038ae   0x00000002   Code   RO          741    i.NMI_Handler       stm32f1xx_it.o
    0x080038b0   0x080038b0   0x00000094   Code   RO          933    i.OLED_Area_Refresh  ssd1306.o
    0x08003944   0x08003944   0x00000044   Code   RO          934    i.OLED_BOOL_DrawBMP  ssd1306.o
    0x08003988   0x08003988   0x00000020   Code   RO          935    i.OLED_BOOL_DrawChar  ssd1306.o
    0x080039a8   0x080039a8   0x00000148   Code   RO          936    i.OLED_BOOL_DrawColumn  ssd1306.o
    0x08003af0   0x08003af0   0x00000048   Code   RO          937    i.OLED_BOOL_DrawStr  ssd1306.o
    0x08003b38   0x08003b38   0x00000006   Code   RO          941    i.OLED_DrawStr      ssd1306.o
    0x08003b3e   0x08003b3e   0x00000002   PAD
    0x08003b40   0x08003b40   0x00000040   Code   RO          942    i.OLED_Fill         ssd1306.o
    0x08003b80   0x08003b80   0x00000130   Code   RO          943    i.OLED_Init         ssd1306.o
    0x08003cb0   0x08003cb0   0x00000044   Code   RO          944    i.OLED_Refresh      ssd1306.o
    0x08003cf4   0x08003cf4   0x00000006   Code   RO          945    i.OLED_SetPos       ssd1306.o
    0x08003cfa   0x08003cfa   0x0000003c   Code   RO          946    i.OLED_SetVerticalPos  ssd1306.o
    0x08003d36   0x08003d36   0x0000000a   Code   RO          947    i.OLED_ShowString   ssd1306.o
    0x08003d40   0x08003d40   0x00000024   Code   RO          948    i.OLED_Write_Byte   ssd1306.o
    0x08003d64   0x08003d64   0x00000018   Code   RO         1369    i.SD_CS             sddriver.o
    0x08003d7c   0x08003d7c   0x0000002e   Code   RO         1371    i.SD_GETCSD         sddriver.o
    0x08003daa   0x08003daa   0x0000006e   Code   RO         1372    i.SD_GetSectorCount  sddriver.o
    0x08003e18   0x08003e18   0x00000070   Code   RO         1373    i.SD_ReadDisk       sddriver.o
    0x08003e88   0x08003e88   0x00000040   Code   RO         1374    i.SD_ReceiveData    sddriver.o
    0x08003ec8   0x08003ec8   0x00000050   Code   RO         1375    i.SD_SendBlock      sddriver.o
    0x08003f18   0x08003f18   0x00000088   Code   RO         1376    i.SD_WriteDisk      sddriver.o
    0x08003fa0   0x08003fa0   0x0000015c   Code   RO         1377    i.SD_init           sddriver.o
    0x080040fc   0x080040fc   0x00000080   Code   RO         1378    i.SD_sendcmd        sddriver.o
    0x0800417c   0x0800417c   0x00000020   Code   RO         3402    i.SPI_EndRxTxTransaction  stm32f1xx_hal_spi.o
    0x0800419c   0x0800419c   0x000000b8   Code   RO         3407    i.SPI_WaitFlagStateUntilTimeout  stm32f1xx_hal_spi.o
    0x08004254   0x08004254   0x0000000c   Code   RO         1379    i.SPI_setspeed      sddriver.o
    0x08004260   0x08004260   0x000002bc   Code   RO          278    i.StartDefaultTask  freertos.o
    0x0800451c   0x0800451c   0x00000060   Code   RO          279    i.StartTask02       freertos.o
    0x0800457c   0x0800457c   0x00000024   Code   RO          280    i.StartTask03       freertos.o
    0x080045a0   0x080045a0   0x0000004c   Code   RO          281    i.StartTask04       freertos.o
    0x080045ec   0x080045ec   0x00000144   Code   RO          282    i.StartTask05       freertos.o
    0x08004730   0x08004730   0x00000014   Code   RO          283    i.StartTask06       freertos.o
    0x08004744   0x08004744   0x0000000c   Code   RO          284    i.StartTask08       freertos.o
    0x08004750   0x08004750   0x0000008c   Code   RO          285    i.StartTask09       freertos.o
    0x080047dc   0x080047dc   0x0000002c   Code   RO         6702    i.SysTick_Handler   port.o
    0x08004808   0x08004808   0x00000080   Code   RO           15    i.SystemClock_Config  main.o
    0x08004888   0x08004888   0x00000002   Code   RO         5006    i.SystemInit        system_stm32f1xx.o
    0x0800488a   0x0800488a   0x00000002   PAD
    0x0800488c   0x0800488c   0x0000000c   Code   RO          742    i.TIM1_UP_IRQHandler  stm32f1xx_it.o
    0x08004898   0x08004898   0x0000000c   Code   RO          743    i.TIM4_IRQHandler   stm32f1xx_it.o
    0x080048a4   0x080048a4   0x0000006c   Code   RO         3770    i.TIM_Base_SetConfig  stm32f1xx_hal_tim.o
    0x08004910   0x08004910   0x00000014   Code   RO         3781    i.TIM_ETR_SetConfig  stm32f1xx_hal_tim.o
    0x08004924   0x08004924   0x00000010   Code   RO         3782    i.TIM_ITRx_SetConfig  stm32f1xx_hal_tim.o
    0x08004934   0x08004934   0x00000022   Code   RO         3788    i.TIM_TI1_ConfigInputStage  stm32f1xx_hal_tim.o
    0x08004956   0x08004956   0x00000024   Code   RO         3790    i.TIM_TI2_ConfigInputStage  stm32f1xx_hal_tim.o
    0x0800497a   0x0800497a   0x00000014   Code   RO          286    i.UART1_printf      freertos.o
    0x0800498e   0x0800498e   0x00000010   Code   RO         4690    i.UART_DMAAbortOnError  stm32f1xx_hal_uart.o
    0x0800499e   0x0800499e   0x0000004a   Code   RO         4691    i.UART_DMAError     stm32f1xx_hal_uart.o
    0x080049e8   0x080049e8   0x0000005a   Code   RO         4692    i.UART_DMAReceiveCplt  stm32f1xx_hal_uart.o
    0x08004a42   0x08004a42   0x0000001a   Code   RO         4694    i.UART_DMARxHalfCplt  stm32f1xx_hal_uart.o
    0x08004a5c   0x08004a5c   0x0000002e   Code   RO         4696    i.UART_DMATransmitCplt  stm32f1xx_hal_uart.o
    0x08004a8a   0x08004a8a   0x0000000a   Code   RO         4698    i.UART_DMATxHalfCplt  stm32f1xx_hal_uart.o
    0x08004a94   0x08004a94   0x00000030   Code   RO         4700    i.UART_EndRxTransfer  stm32f1xx_hal_uart.o
    0x08004ac4   0x08004ac4   0x00000012   Code   RO         4701    i.UART_EndTxTransfer  stm32f1xx_hal_uart.o
    0x08004ad6   0x08004ad6   0x000000b6   Code   RO         4702    i.UART_Receive_IT   stm32f1xx_hal_uart.o
    0x08004b8c   0x08004b8c   0x000000b8   Code   RO         4703    i.UART_SetConfig    stm32f1xx_hal_uart.o
    0x08004c44   0x08004c44   0x00000070   Code   RO         4704    i.UART_Start_Receive_DMA  stm32f1xx_hal_uart.o
    0x08004cb4   0x08004cb4   0x00000064   Code   RO         4706    i.UART_WaitOnFlagUntilTimeout  stm32f1xx_hal_uart.o
    0x08004d18   0x08004d18   0x0000000c   Code   RO          744    i.USART1_IRQHandler  stm32f1xx_it.o
    0x08004d24   0x08004d24   0x0000000c   Code   RO          745    i.USART3_IRQHandler  stm32f1xx_it.o
    0x08004d30   0x08004d30   0x00000020   Code   RO         1503    i.USER_initialize   user_diskio.o
    0x08004d50   0x08004d50   0x0000004e   Code   RO         1504    i.USER_ioctl        user_diskio.o
    0x08004d9e   0x08004d9e   0x00000022   Code   RO         1505    i.USER_read         user_diskio.o
    0x08004dc0   0x08004dc0   0x00000014   Code   RO         1506    i.USER_status       user_diskio.o
    0x08004dd4   0x08004dd4   0x00000022   Code   RO         1507    i.USER_write        user_diskio.o
    0x08004df6   0x08004df6   0x00000002   Code   RO          746    i.UsageFault_Handler  stm32f1xx_it.o
    0x08004df8   0x08004df8   0x00000028   Code   RO         7040    i.__0sprintf        mc_w.l(printfa.o)
    0x08004e20   0x08004e20   0x00000024   Code   RO         7044    i.__0vsprintf       mc_w.l(printfa.o)
    0x08004e44   0x08004e44   0x00000020   Code   RO         2404    i.__NVIC_SetPriority  stm32f1xx_hal_cortex.o
    0x08004e64   0x08004e64   0x00000008   Code   RO         7095    i.__aeabi_errno_addr  mc_w.l(errno.o)
    0x08004e6c   0x08004e6c   0x0000000e   Code   RO         7159    i.__scatterload_copy  mc_w.l(handlers.o)
    0x08004e7a   0x08004e7a   0x00000002   Code   RO         7160    i.__scatterload_null  mc_w.l(handlers.o)
    0x08004e7c   0x08004e7c   0x0000000e   Code   RO         7161    i.__scatterload_zeroinit  mc_w.l(handlers.o)
    0x08004e8a   0x08004e8a   0x00000002   PAD
    0x08004e8c   0x08004e8c   0x00000184   Code   RO         7045    i._fp_digits        mc_w.l(printfa.o)
    0x08005010   0x08005010   0x000006dc   Code   RO         7046    i._printf_core      mc_w.l(printfa.o)
    0x080056ec   0x080056ec   0x00000024   Code   RO         7047    i._printf_post_padding  mc_w.l(printfa.o)
    0x08005710   0x08005710   0x0000002e   Code   RO         7048    i._printf_pre_padding  mc_w.l(printfa.o)
    0x0800573e   0x0800573e   0x0000000a   Code   RO         7050    i._sputc            mc_w.l(printfa.o)
    0x08005748   0x08005748   0x00000060   Code   RO         5098    i.check_fs          ff.o
    0x080057a8   0x080057a8   0x00000024   Code   RO         1056    i.checkkey          matrix_keyboard.o
    0x080057cc   0x080057cc   0x0000006c   Code   RO         5099    i.chk_lock          ff.o
    0x08005838   0x08005838   0x00000024   Code   RO         5100    i.clear_lock        ff.o
    0x0800585c   0x0800585c   0x0000002a   Code   RO         5101    i.clmt_clust        ff.o
    0x08005886   0x08005886   0x0000001e   Code   RO         5102    i.clust2sect        ff.o
    0x080058a4   0x080058a4   0x000000b0   Code   RO         5103    i.create_chain      ff.o
    0x08005954   0x08005954   0x00000100   Code   RO         5104    i.create_name       ff.o
    0x08005a54   0x08005a54   0x0000003c   Code   RO         5105    i.dec_lock          ff.o
    0x08005a90   0x08005a90   0x00000048   Code   RO         1162    i.delay_us          dht11.o
    0x08005ad8   0x08005ad8   0x0000011e   Code   RO         5106    i.dir_next          ff.o
    0x08005bf6   0x08005bf6   0x00000076   Code   RO         5108    i.dir_register      ff.o
    0x08005c6c   0x08005c6c   0x00000098   Code   RO         5110    i.dir_sdi           ff.o
    0x08005d04   0x08005d04   0x00000028   Code   RO         5043    i.disk_initialize   diskio.o
    0x08005d2c   0x08005d2c   0x0000001c   Code   RO         5044    i.disk_ioctl        diskio.o
    0x08005d48   0x08005d48   0x0000001c   Code   RO         5045    i.disk_read         diskio.o
    0x08005d64   0x08005d64   0x00000018   Code   RO         5046    i.disk_status       diskio.o
    0x08005d7c   0x08005d7c   0x0000001c   Code   RO         5047    i.disk_write        diskio.o
    0x08005d98   0x08005d98   0x00000020   Code   RO         1226    i.ds1032_DATAINPUT_init  ds1302.o
    0x08005db8   0x08005db8   0x00000038   Code   RO         1227    i.ds1032_DATAOUT_init  ds1302.o
    0x08005df0   0x08005df0   0x0000009c   Code   RO         1229    i.ds1032_read_realTime  ds1302.o
    0x08005e8c   0x08005e8c   0x00000044   Code   RO         1230    i.ds1032_read_time  ds1302.o
    0x08005ed0   0x08005ed0   0x000000b4   Code   RO         1232    i.ds1302_read_rig   ds1302.o
    0x08005f84   0x08005f84   0x0000006c   Code   RO         1233    i.ds1302_wirte_rig  ds1302.o
    0x08005ff0   0x08005ff0   0x00000058   Code   RO         1234    i.ds1302_write_onebyte  ds1302.o
    0x08006048   0x08006048   0x00000026   Code   RO         1088    i.dtoh              module_wifi.o
    0x0800606e   0x0800606e   0x00000036   Code   RO         5112    i.f_close           ff.o
    0x080060a4   0x080060a4   0x00000084   Code   RO         5119    i.f_mount           ff.o
    0x08006128   0x08006128   0x000001a8   Code   RO         5120    i.f_open            ff.o
    0x080062d0   0x080062d0   0x000001d2   Code   RO         5125    i.f_read            ff.o
    0x080064a2   0x080064a2   0x000000d2   Code   RO         5129    i.f_sync            ff.o
    0x08006574   0x08006574   0x0000001c   Code   RO         5472    i.ff_cre_syncobj    syscall.o
    0x08006590   0x08006590   0x0000000a   Code   RO         5473    i.ff_del_syncobj    syscall.o
    0x0800659a   0x0800659a   0x00000004   Code   RO         5474    i.ff_rel_grant      syscall.o
    0x0800659e   0x0800659e   0x00000014   Code   RO         5475    i.ff_req_grant      syscall.o
    0x080065b2   0x080065b2   0x00000002   PAD
    0x080065b4   0x080065b4   0x000000a0   Code   RO         1473    i.filedir           filedir.o
    0x08006654   0x08006654   0x00000264   Code   RO         5134    i.find_volume       ff.o
    0x080068b8   0x080068b8   0x000000c0   Code   RO         5135    i.follow_path       ff.o
    0x08006978   0x08006978   0x00000036   Code   RO          949    i.getInt8Data       ssd1306.o
    0x080069ae   0x080069ae   0x000000c2   Code   RO         5136    i.get_fat           ff.o
    0x08006a70   0x08006a70   0x00000004   Code   RO         1567    i.get_fattime       fatfs.o
    0x08006a74   0x08006a74   0x0000003c   Code   RO         5138    i.get_ldnumber      ff.o
    0x08006ab0   0x08006ab0   0x0000000c   Code   RO         6271    i.inHandlerMode     cmsis_os.o
    0x08006abc   0x08006abc   0x000000a0   Code   RO         5139    i.inc_lock          ff.o
    0x08006b5c   0x08006b5c   0x0000006c   Code   RO         1057    i.keyscan           matrix_keyboard.o
    0x08006bc8   0x08006bc8   0x00000014   Code   RO         5140    i.ld_clust          ff.o
    0x08006bdc   0x08006bdc   0x00000034   Code   RO          287    i.led_PWM           freertos.o
    0x08006c10   0x08006c10   0x00000008   Code   RO         5141    i.lock_fs           ff.o
    0x08006c18   0x08006c18   0x0000003a   Code   RO           16    i.main              main.o
    0x08006c52   0x08006c52   0x0000000c   Code   RO         6273    i.makeFreeRtosPriority  cmsis_os.o
    0x08006c5e   0x08006c5e   0x00000002   PAD
    0x08006c60   0x08006c60   0x00000012   Code   RO         5142    i.mem_cpy           ff.o
    0x08006c72   0x08006c72   0x0000000e   Code   RO         5143    i.mem_set           ff.o
    0x08006c80   0x08006c80   0x00000408   Code   RO         1336    i.module_clock      module_clock.o
    0x08007088   0x08007088   0x000001a4   Code   RO         1308    i.module_option     module_option.o
    0x0800722c   0x0800722c   0x00000036   Code   RO         5144    i.move_window       ff.o
    0x08007262   0x08007262   0x00000012   Code   RO          288    i.my_printf         freertos.o
    0x08007274   0x08007274   0x0000000e   Code   RO         6275    i.osDelay           cmsis_os.o
    0x08007282   0x08007282   0x0000000a   Code   RO         6278    i.osKernelStart     cmsis_os.o
    0x0800728c   0x0800728c   0x0000005c   Code   RO         6282    i.osMailCreate      cmsis_os.o
    0x080072e8   0x080072e8   0x00000090   Code   RO         6284    i.osMailGet         cmsis_os.o
    0x08007378   0x08007378   0x0000005c   Code   RO         6285    i.osMailPut         cmsis_os.o
    0x080073d4   0x080073d4   0x00000026   Code   RO         6287    i.osMessageCreate   cmsis_os.o
    0x080073fa   0x080073fa   0x00000002   PAD
    0x080073fc   0x080073fc   0x00000094   Code   RO         6289    i.osMessageGet      cmsis_os.o
    0x08007490   0x08007490   0x0000005c   Code   RO         6291    i.osMessagePut      cmsis_os.o
    0x080074ec   0x080074ec   0x0000005e   Code   RO         6299    i.osPoolCreate      cmsis_os.o
    0x0800754a   0x0800754a   0x0000003e   Code   RO         6304    i.osSemaphoreCreate  cmsis_os.o
    0x08007588   0x08007588   0x00000018   Code   RO         6305    i.osSemaphoreDelete  cmsis_os.o
    0x080075a0   0x080075a0   0x00000050   Code   RO         6307    i.osSemaphoreRelease  cmsis_os.o
    0x080075f0   0x080075f0   0x00000064   Code   RO         6308    i.osSemaphoreWait   cmsis_os.o
    0x08007654   0x08007654   0x00000054   Code   RO         6312    i.osThreadCreate    cmsis_os.o
    0x080076a8   0x080076a8   0x00000070   Code   RO         5970    i.prvAddCurrentTaskToDelayedList  tasks.o
    0x08007718   0x08007718   0x000000d0   Code   RO         5971    i.prvAddNewTaskToReadyList  tasks.o
    0x080077e8   0x080077e8   0x00000026   Code   RO         5664    i.prvCopyDataFromQueue  queue.o
    0x0800780e   0x0800780e   0x0000006c   Code   RO         5665    i.prvCopyDataToQueue  queue.o
    0x0800787a   0x0800787a   0x00000034   Code   RO         5972    i.prvDeleteTCB      tasks.o
    0x080078ae   0x080078ae   0x00000002   PAD
    0x080078b0   0x080078b0   0x0000004c   Code   RO         6640    i.prvHeapInit       heap_4.o
    0x080078fc   0x080078fc   0x00000060   Code   RO         5973    i.prvIdleTask       tasks.o
    0x0800795c   0x0800795c   0x00000016   Code   RO         5667    i.prvInitialiseNewQueue  queue.o
    0x08007972   0x08007972   0x0000008e   Code   RO         5974    i.prvInitialiseNewTask  tasks.o
    0x08007a00   0x08007a00   0x0000004c   Code   RO         6641    i.prvInsertBlockIntoFreeList  heap_4.o
    0x08007a4c   0x08007a4c   0x0000001c   Code   RO         5668    i.prvIsQueueEmpty   queue.o
    0x08007a68   0x08007a68   0x00000020   Code   RO         5975    i.prvResetNextTaskUnblockTime  tasks.o
    0x08007a88   0x08007a88   0x00000028   Code   RO         6703    i.prvTaskExitError  port.o
    0x08007ab0   0x08007ab0   0x00000034   Code   RO         5976    i.prvTaskIsTaskSuspended  tasks.o
    0x08007ae4   0x08007ae4   0x0000006a   Code   RO         5669    i.prvUnlockQueue    queue.o
    0x08007b4e   0x08007b4e   0x000000f8   Code   RO         5145    i.put_fat           ff.o
    0x08007c46   0x08007c46   0x00000002   PAD
    0x08007c48   0x08007c48   0x000000d8   Code   RO         6642    i.pvPortMalloc      heap_4.o
    0x08007d20   0x08007d20   0x00000018   Code   RO         5977    i.pvTaskIncrementMutexHeldCount  tasks.o
    0x08007d38   0x08007d38   0x00000024   Code   RO         6704    i.pxPortInitialiseStack  port.o
    0x08007d5c   0x08007d5c   0x0000006e   Code   RO         5147    i.remove_chain      ff.o
    0x08007dca   0x08007dca   0x00000002   PAD
    0x08007dcc   0x08007dcc   0x00000020   Code   RO         1380    i.spi_readwrite     sddriver.o
    0x08007dec   0x08007dec   0x00000010   Code   RO         5148    i.st_clust          ff.o
    0x08007dfc   0x08007dfc   0x000000b6   Code   RO         5149    i.sync_fs           ff.o
    0x08007eb2   0x08007eb2   0x00000060   Code   RO         5150    i.sync_window       ff.o
    0x08007f12   0x08007f12   0x0000001e   Code   RO         5151    i.unlock_fs         ff.o
    0x08007f30   0x08007f30   0x00000026   Code   RO         5627    i.uxListRemove      list.o
    0x08007f56   0x08007f56   0x00000002   PAD
    0x08007f58   0x08007f58   0x00000014   Code   RO          289    i.vApplicationGetIdleTaskMemory  freertos.o
    0x08007f6c   0x08007f6c   0x00000016   Code   RO         5628    i.vListInitialise   list.o
    0x08007f82   0x08007f82   0x00000006   Code   RO         5629    i.vListInitialiseItem  list.o
    0x08007f88   0x08007f88   0x00000030   Code   RO         5630    i.vListInsert       list.o
    0x08007fb8   0x08007fb8   0x00000018   Code   RO         5631    i.vListInsertEnd    list.o
    0x08007fd0   0x08007fd0   0x00000040   Code   RO         6706    i.vPortEnterCritical  port.o
    0x08008010   0x08008010   0x00000028   Code   RO         6707    i.vPortExitCritical  port.o
    0x08008038   0x08008038   0x0000005c   Code   RO         6643    i.vPortFree         heap_4.o
    0x08008094   0x08008094   0x00000024   Code   RO         6708    i.vPortSetupTimerInterrupt  port.o
    0x080080b8   0x080080b8   0x00000054   Code   RO         6709    i.vPortValidateInterruptPriority  port.o
    0x0800810c   0x0800810c   0x0000002e   Code   RO         5674    i.vQueueDelete      queue.o
    0x0800813a   0x0800813a   0x00000002   PAD
    0x0800813c   0x0800813c   0x00000028   Code   RO         5675    i.vQueueUnregisterQueue  queue.o
    0x08008164   0x08008164   0x0000004c   Code   RO         5983    i.vTaskDelay        tasks.o
    0x080081b0   0x080081b0   0x00000010   Code   RO         5986    i.vTaskInternalSetTimeOutState  tasks.o
    0x080081c0   0x080081c0   0x0000000c   Code   RO         5987    i.vTaskMissedYield  tasks.o
    0x080081cc   0x080081cc   0x00000030   Code   RO         5989    i.vTaskPlaceOnEventList  tasks.o
    0x080081fc   0x080081fc   0x000000a8   Code   RO         5991    i.vTaskPriorityDisinheritAfterTimeout  tasks.o
    0x080082a4   0x080082a4   0x0000007c   Code   RO         5994    i.vTaskResume       tasks.o
    0x08008320   0x08008320   0x0000006c   Code   RO         5996    i.vTaskStartScheduler  tasks.o
    0x0800838c   0x0800838c   0x000000bc   Code   RO         5997    i.vTaskSuspend      tasks.o
    0x08008448   0x08008448   0x00000010   Code   RO         5998    i.vTaskSuspendAll   tasks.o
    0x08008458   0x08008458   0x0000005c   Code   RO         5999    i.vTaskSwitchContext  tasks.o
    0x080084b4   0x080084b4   0x00000040   Code   RO         5152    i.validate          ff.o
    0x080084f4   0x080084f4   0x0000002c   Code   RO          290    i.vprint            freertos.o
    0x08008520   0x08008520   0x00000030   Code   RO          291    i.vprint_UART1      freertos.o
    0x08008550   0x08008550   0x00000094   Code   RO         1091    i.wifi_init         module_wifi.o
    0x080085e4   0x080085e4   0x000000a8   Code   RO         6710    i.xPortStartScheduler  port.o
    0x0800868c   0x0800868c   0x00000048   Code   RO         5678    i.xQueueGenericCreate  queue.o
    0x080086d4   0x080086d4   0x00000066   Code   RO         5679    i.xQueueGenericCreateStatic  queue.o
    0x0800873a   0x0800873a   0x00000002   PAD
    0x0800873c   0x0800873c   0x00000088   Code   RO         5680    i.xQueueGenericReset  queue.o
    0x080087c4   0x080087c4   0x00000160   Code   RO         5681    i.xQueueGenericSend  queue.o
    0x08008924   0x08008924   0x000000bc   Code   RO         5682    i.xQueueGenericSendFromISR  queue.o
    0x080089e0   0x080089e0   0x0000009c   Code   RO         5683    i.xQueueGiveFromISR  queue.o
    0x08008a7c   0x08008a7c   0x00000138   Code   RO         5688    i.xQueueReceive     queue.o
    0x08008bb4   0x08008bb4   0x0000009a   Code   RO         5689    i.xQueueReceiveFromISR  queue.o
    0x08008c4e   0x08008c4e   0x00000002   PAD
    0x08008c50   0x08008c50   0x00000178   Code   RO         5690    i.xQueueSemaphoreTake  queue.o
    0x08008dc8   0x08008dc8   0x00000074   Code   RO         6000    i.xTaskCheckForTimeOut  tasks.o
    0x08008e3c   0x08008e3c   0x0000005a   Code   RO         6001    i.xTaskCreate       tasks.o
    0x08008e96   0x08008e96   0x00000056   Code   RO         6002    i.xTaskCreateStatic  tasks.o
    0x08008eec   0x08008eec   0x0000001c   Code   RO         6006    i.xTaskGetSchedulerState  tasks.o
    0x08008f08   0x08008f08   0x000000c8   Code   RO         6009    i.xTaskIncrementTick  tasks.o
    0x08008fd0   0x08008fd0   0x00000098   Code   RO         6012    i.xTaskPriorityDisinherit  tasks.o
    0x08009068   0x08009068   0x00000094   Code   RO         6013    i.xTaskPriorityInherit  tasks.o
    0x080090fc   0x080090fc   0x00000074   Code   RO         6014    i.xTaskRemoveFromEventList  tasks.o
    0x08009170   0x08009170   0x000000c4   Code   RO         6015    i.xTaskResumeAll    tasks.o
    0x08009234   0x08009234   0x00000164   Data   RO          309    .constdata          freertos.o
    0x08009398   0x08009398   0x00000228   Data   RO          918    .constdata          font_ascii.o
    0x080095c0   0x080095c0   0x0000001e   Data   RO         1092    .constdata          module_wifi.o
    0x080095de   0x080095de   0x00000010   Data   RO         5007    .constdata          system_stm32f1xx.o
    0x080095ee   0x080095ee   0x00000008   Data   RO         5008    .constdata          system_stm32f1xx.o
    0x080095f6   0x080095f6   0x000000ac   Data   RO         5154    .constdata          ff.o
    0x080096a2   0x080096a2   0x00000081   Data   RO         7125    .constdata          mc_w.l(ctype_o.o)
    0x08009723   0x08009723   0x00000001   PAD
    0x08009724   0x08009724   0x00000004   Data   RO         7126    .constdata          mc_w.l(ctype_o.o)
    0x08009728   0x08009728   0x00000070   Data   RO          310    .conststring        freertos.o
    0x08009798   0x08009798   0x00000037   Data   RO         1093    .conststring        module_wifi.o
    0x080097cf   0x080097cf   0x00000001   PAD
    0x080097d0   0x080097d0   0x0000004d   Data   RO         1475    .conststring        filedir.o
    0x0800981d   0x0800981d   0x00000003   PAD
    0x08009820   0x08009820   0x00000020   Data   RO         7157    Region$$Table       anon$$obj.o


    Execution Region RW_IRAM1 (Exec base: 0x20000000, Load base: 0x08009840, Size: 0x00003160, Max: 0x00005000, ABSOLUTE, COMPRESSED[0x00000040])

    Exec Addr    Load Addr    Size         Type   Attr      Idx    E Section Name        Object

    0x20000000   COMPRESSED   0x00000067   Data   RW          311    .data               freertos.o
    0x20000067   COMPRESSED   0x00000001   Data   RW          312    .data               freertos.o
    0x20000068   COMPRESSED   0x00000004   Data   RW          314    .data               freertos.o
    0x2000006c   COMPRESSED   0x00000002   Data   RW          749    .data               stm32f1xx_it.o
    0x2000006e   COMPRESSED   0x00000002   Data   RW          750    .data               stm32f1xx_it.o
    0x20000070   COMPRESSED   0x00000001   Data   RW          752    .data               stm32f1xx_it.o
    0x20000071   COMPRESSED   0x00000001   Data   RW          753    .data               stm32f1xx_it.o
    0x20000072   COMPRESSED   0x00000002   PAD
    0x20000074   COMPRESSED   0x00000013   Data   RW         1094    .data               module_wifi.o
    0x20000087   COMPRESSED   0x00000001   PAD
    0x20000088   COMPRESSED   0x00000010   Data   RW         1235    .data               ds1302.o
    0x20000098   COMPRESSED   0x00000002   Data   RW         1382    .data               sddriver.o
    0x2000009a   COMPRESSED   0x00000002   PAD
    0x2000009c   COMPRESSED   0x00000014   Data   RW         1508    .data               user_diskio.o
    0x200000b0   COMPRESSED   0x00000005   Data   RW         1570    .data               fatfs.o
    0x200000b5   COMPRESSED   0x00000003   PAD
    0x200000b8   COMPRESSED   0x0000000c   Data   RW         1941    .data               stm32f1xx_hal.o
    0x200000c4   COMPRESSED   0x00000004   Data   RW         5009    .data               system_stm32f1xx.o
    0x200000c8   COMPRESSED   0x00000008   Data   RW         5155    .data               ff.o
    0x200000d0   COMPRESSED   0x0000003c   Data   RW         6018    .data               tasks.o
    0x2000010c   COMPRESSED   0x00000018   Data   RW         6648    .data               heap_4.o
    0x20000124   COMPRESSED   0x0000000c   Data   RW         6711    .data               port.o
    0x20000130   COMPRESSED   0x00000004   Data   RW         6798    .data               mc_w.l(strtok.o)
    0x20000134   COMPRESSED   0x00000004   Data   RW         7098    .data               mc_w.l(errno.o)
    0x20000138        -       0x00000388   Zero   RW          292    .bss                freertos.o
    0x200004c0        -       0x00000200   Zero   RW          293    .bss                freertos.o
    0x200006c0        -       0x00000054   Zero   RW          294    .bss                freertos.o
    0x20000714        -       0x00000200   Zero   RW          295    .bss                freertos.o
    0x20000914        -       0x00000054   Zero   RW          296    .bss                freertos.o
    0x20000968        -       0x00000200   Zero   RW          297    .bss                freertos.o
    0x20000b68        -       0x00000054   Zero   RW          298    .bss                freertos.o
    0x20000bbc        -       0x00000200   Zero   RW          299    .bss                freertos.o
    0x20000dbc        -       0x00000054   Zero   RW          300    .bss                freertos.o
    0x20000e10        -       0x00000200   Zero   RW          301    .bss                freertos.o
    0x20001010        -       0x00000054   Zero   RW          302    .bss                freertos.o
    0x20001064        -       0x00000200   Zero   RW          303    .bss                freertos.o
    0x20001264        -       0x00000054   Zero   RW          304    .bss                freertos.o
    0x200012b8        -       0x00000200   Zero   RW          305    .bss                freertos.o
    0x200014b8        -       0x00000054   Zero   RW          306    .bss                freertos.o
    0x2000150c        -       0x00000200   Zero   RW          307    .bss                freertos.o
    0x2000170c        -       0x00000054   Zero   RW          308    .bss                freertos.o
    0x20001760        -       0x00000030   Zero   RW          466    .bss                adc.o
    0x20001790        -       0x00000054   Zero   RW          532    .bss                i2c.o
    0x200017e4        -       0x0000000c   Zero   RW          572    .bss                iwdg.o
    0x200017f0        -       0x00000058   Zero   RW          604    .bss                spi.o
    0x20001848        -       0x00000048   Zero   RW          646    .bss                tim.o
    0x20001890        -       0x00000198   Zero   RW          689    .bss                usart.o
    0x20001a28        -       0x00000064   Zero   RW          747    .bss                stm32f1xx_it.o
    0x20001a8c        -       0x00000064   Zero   RW          748    .bss                stm32f1xx_it.o
    0x20001af0        -       0x00000048   Zero   RW          885    .bss                stm32f1xx_hal_timebase_tim.o
    0x20001b38        -       0x000004d4   Zero   RW          950    .bss                ssd1306.o
    0x2000200c        -       0x00000018   Zero   RW         5153    .bss                ff.o
    0x20002024        -       0x0000000c   Zero   RW         5426    .bss                ff_gen_drv.o
    0x20002030        -       0x00000040   Zero   RW         5691    .bss                queue.o
    0x20002070        -       0x000000f0   Zero   RW         6017    .bss                tasks.o
    0x20002160        -       0x00000c00   Zero   RW         6647    .bss                heap_4.o
    0x20002d60        -       0x00000400   Zero   RW            1    STACK               startup_stm32f103xb.o


==============================================================================

Image component sizes


      Code (inc. data)   RO Data    RW Data    ZI Data      Debug   Object Name

       168         22          0          0         48       1573   adc.o
      1098         28          0          0          0      35002   cmsis_os.o
       428         28          0          0          0       4268   dht11.o
       148         22          0          0          0       3481   diskio.o
        92          4          0          0          0        746   dma.o
       688         38          0         16          0       5775   ds1302.o
         0          0          0          0          0      16652   event_groups.o
        32         10          0          5          0       1428   fatfs.o
      4724         72        172          8         24      32445   ff.o
        70          4          0          0         12       1531   ff_gen_drv.o
       160         52         77          0          0        718   filedir.o
         0          0        552          0          0        500   font_ascii.o
      2038        334        468        108       5672      19338   freertos.o
       252         18          0          0          0        975   gpio.o
       460         24          0         24       3072       7115   heap_4.o
       156         26          0          0         84       1561   i2c.o
        44         10          0          0         12        671   iwdg.o
       138          0          0          0          0       3294   list.o
       210          6          0          0          0     491812   main.o
       144         20          0          0          0       1473   matrix_keyboard.o
      1032        156          0          0          0       1375   module_clock.o
       420        102          0          0          0        788   module_option.o
       998        204         85         19          0       4537   module_wifi.o
       662         70          0         12          0      10957   port.o
      2236         22          0          0         64      19463   queue.o
      1092         48          0          2          0      12699   sddriver.o
       184         24          0          0         88       1585   spi.o
      1256         46          0          0       1236      10239   ssd1306.o
        36          8        236          0       1024        784   startup_stm32f103xb.o
       100         18          0         12          0       5122   stm32f1xx_hal.o
      1264         54          0          0          0       6927   stm32f1xx_hal_adc.o
       158         14          0          0          0      28098   stm32f1xx_hal_cortex.o
       808         36          0          0          0       4866   stm32f1xx_hal_dma.o
       500         34          0          0          0       3447   stm32f1xx_hal_gpio.o
      1316         32          0          0          0       9027   stm32f1xx_hal_i2c.o
       102          0          0          0          0       1787   stm32f1xx_hal_iwdg.o
        72         10          0          0          0        834   stm32f1xx_hal_msp.o
      1336        110          0          0          0       5701   stm32f1xx_hal_rcc.o
       436         46          0          0          0       2477   stm32f1xx_hal_rcc_ex.o
       876          4          0          0          0       4613   stm32f1xx_hal_spi.o
       972         26          0          0          0       9417   stm32f1xx_hal_tim.o
       108         12          0          0          0       2305   stm32f1xx_hal_tim_ex.o
       116         16          0          0         72       1371   stm32f1xx_hal_timebase_tim.o
      1884         38          0          0          0      15036   stm32f1xx_hal_uart.o
       108         48          0          6        200      11598   stm32f1xx_it.o
        62          0          0          0          0      17756   syscall.o
         2          0         24          4          0       1067   system_stm32f1xx.o
      2698        202          0         60        240      26020   tasks.o
       164         18          0          0         72       1590   tim.o
       512         44          0          0        408       2623   usart.o
       198          0          0         20          0       3872   user_diskio.o

    ----------------------------------------------------------------------
     32824       2160       1650        304      12328     858339   Object Totals
         0          0         32          0          0          0   (incl. Generated)
        66          0          4          8          0          0   (incl. Padding)

    ----------------------------------------------------------------------

      Code (inc. data)   RO Data    RW Data    ZI Data      Debug   Library Member Name

        86          0          0          0          0          0   __dczerorl2.o
        28          0          0          0          0         68   _chval.o
       158          0          0          0          0         92   _strtoul.o
        26          0          0          0          0         80   atoi.o
         8          4        133          0          0         68   ctype_o.o
         0          0          0          0          0          0   entry.o
         0          0          0          0          0          0   entry10a.o
         0          0          0          0          0          0   entry11a.o
         8          4          0          0          0          0   entry2.o
         4          0          0          0          0          0   entry5.o
         0          0          0          0          0          0   entry7b.o
         0          0          0          0          0          0   entry8b.o
         8          4          0          0          0          0   entry9a.o
         8          4          0          4          0         68   errno.o
        30          0          0          0          0          0   handlers.o
        36          8          0          0          0         68   init.o
         0          0          0          0          0          0   iusefp.o
        30          0          0          0          0         68   llshl.o
        36          0          0          0          0         68   llsshr.o
        32          0          0          0          0         68   llushr.o
        36          0          0          0          0         68   memcpya.o
        36          0          0          0          0        108   memseta.o
      2312         92          0          0          0        600   printfa.o
        24          0          0          0          0         68   strcat.o
        18          0          0          0          0         68   strcpy.o
        14          0          0          0          0         68   strlen.o
        36          0          0          0          0         80   strstr.o
        68          6          0          4          0         80   strtok.o
       112          0          0          0          0         88   strtol.o
        44          0          0          0          0         80   uidiv.o
        98          0          0          0          0         92   uldiv.o
        48          0          0          0          0         68   cdrcmple.o
       334          0          0          0          0        148   dadd.o
       222          0          0          0          0        100   ddiv.o
       186          0          0          0          0        176   depilogue.o
        48          0          0          0          0         68   dfixul.o
       228          0          0          0          0         96   dmul.o

    ----------------------------------------------------------------------
      4368        122        134          8          0       2704   Library Totals
         6          0          1          0          0          0   (incl. Padding)

    ----------------------------------------------------------------------

      Code (inc. data)   RO Data    RW Data    ZI Data      Debug   Library Name

      3296        122        133          8          0       2048   mc_w.l
      1066          0          0          0          0        656   mf_w.l

    ----------------------------------------------------------------------
      4368        122        134          8          0       2704   Library Totals

    ----------------------------------------------------------------------

==============================================================================


      Code (inc. data)   RO Data    RW Data    ZI Data      Debug   

     37192       2282       1784        312      12328     843803   Grand Totals
     37192       2282       1784         64      12328     843803   ELF Image Totals (compressed)
     37192       2282       1784         64          0          0   ROM Totals

==============================================================================

    Total RO  Size (Code + RO Data)                38976 (  38.06kB)
    Total RW  Size (RW Data + ZI Data)             12640 (  12.34kB)
    Total ROM Size (Code + RO Data + RW Data)      39040 (  38.13kB)

==============================================================================

